Archive member included to satisfy reference by file (symbol)

/usr/lib/gcc/arm-none-eabi/12.2.1/../../../arm-none-eabi/lib/thumb/v7e-m/nofp/libstdc++.a(del_ops.o)
                              Libraries/FEHIO.o (operator delete(void*, unsigned int))
/usr/lib/gcc/arm-none-eabi/12.2.1/../../../arm-none-eabi/lib/thumb/v7e-m/nofp/libstdc++.a(new_op.o)
                              Libraries/FEHIO.o (operator new(unsigned int))
/usr/lib/gcc/arm-none-eabi/12.2.1/../../../arm-none-eabi/lib/thumb/v7e-m/nofp/libstdc++.a(bad_alloc.o)
                              /usr/lib/gcc/arm-none-eabi/12.2.1/../../../arm-none-eabi/lib/thumb/v7e-m/nofp/libstdc++.a(new_op.o) (vtable for std::bad_alloc)
/usr/lib/gcc/arm-none-eabi/12.2.1/../../../arm-none-eabi/lib/thumb/v7e-m/nofp/libstdc++.a(del_op.o)
                              /usr/lib/gcc/arm-none-eabi/12.2.1/../../../arm-none-eabi/lib/thumb/v7e-m/nofp/libstdc++.a(del_ops.o) (operator delete(void*))
/usr/lib/gcc/arm-none-eabi/12.2.1/../../../arm-none-eabi/lib/thumb/v7e-m/nofp/libstdc++.a(eh_alloc.o)
                              /usr/lib/gcc/arm-none-eabi/12.2.1/../../../arm-none-eabi/lib/thumb/v7e-m/nofp/libstdc++.a(new_op.o) (__cxa_allocate_exception)
/usr/lib/gcc/arm-none-eabi/12.2.1/../../../arm-none-eabi/lib/thumb/v7e-m/nofp/libstdc++.a(eh_exception.o)
                              /usr/lib/gcc/arm-none-eabi/12.2.1/../../../arm-none-eabi/lib/thumb/v7e-m/nofp/libstdc++.a(bad_alloc.o) (std::exception::~exception())
/usr/lib/gcc/arm-none-eabi/12.2.1/../../../arm-none-eabi/lib/thumb/v7e-m/nofp/libstdc++.a(eh_terminate.o)
                              /usr/lib/gcc/arm-none-eabi/12.2.1/../../../arm-none-eabi/lib/thumb/v7e-m/nofp/libstdc++.a(eh_alloc.o) (std::terminate())
/usr/lib/gcc/arm-none-eabi/12.2.1/../../../arm-none-eabi/lib/thumb/v7e-m/nofp/libstdc++.a(eh_throw.o)
                              /usr/lib/gcc/arm-none-eabi/12.2.1/../../../arm-none-eabi/lib/thumb/v7e-m/nofp/libstdc++.a(new_op.o) (__cxa_throw)
/usr/lib/gcc/arm-none-eabi/12.2.1/../../../arm-none-eabi/lib/thumb/v7e-m/nofp/libstdc++.a(eh_unex_handler.o)
                              /usr/lib/gcc/arm-none-eabi/12.2.1/../../../arm-none-eabi/lib/thumb/v7e-m/nofp/libstdc++.a(eh_terminate.o) (__cxxabiv1::__unexpected_handler)
/usr/lib/gcc/arm-none-eabi/12.2.1/../../../arm-none-eabi/lib/thumb/v7e-m/nofp/libstdc++.a(new_handler.o)
                              /usr/lib/gcc/arm-none-eabi/12.2.1/../../../arm-none-eabi/lib/thumb/v7e-m/nofp/libstdc++.a(new_op.o) (std::get_new_handler())
/usr/lib/gcc/arm-none-eabi/12.2.1/../../../arm-none-eabi/lib/thumb/v7e-m/nofp/libstdc++.a(si_class_type_info.o)
                              /usr/lib/gcc/arm-none-eabi/12.2.1/../../../arm-none-eabi/lib/thumb/v7e-m/nofp/libstdc++.a(bad_alloc.o) (vtable for __cxxabiv1::__si_class_type_info)
/usr/lib/gcc/arm-none-eabi/12.2.1/../../../arm-none-eabi/lib/thumb/v7e-m/nofp/libstdc++.a(tinfo.o)
                              /usr/lib/gcc/arm-none-eabi/12.2.1/../../../arm-none-eabi/lib/thumb/v7e-m/nofp/libstdc++.a(si_class_type_info.o) (std::type_info::__is_pointer_p() const)
/usr/lib/gcc/arm-none-eabi/12.2.1/../../../arm-none-eabi/lib/thumb/v7e-m/nofp/libstdc++.a(class_type_info.o)
                              /usr/lib/gcc/arm-none-eabi/12.2.1/../../../arm-none-eabi/lib/thumb/v7e-m/nofp/libstdc++.a(si_class_type_info.o) (__cxxabiv1::__class_type_info::__do_upcast(__cxxabiv1::__class_type_info const*, void**) const)
/usr/lib/gcc/arm-none-eabi/12.2.1/../../../arm-none-eabi/lib/thumb/v7e-m/nofp/libstdc++.a(eh_catch.o)
                              /usr/lib/gcc/arm-none-eabi/12.2.1/../../../arm-none-eabi/lib/thumb/v7e-m/nofp/libstdc++.a(eh_terminate.o) (__cxa_begin_catch)
/usr/lib/gcc/arm-none-eabi/12.2.1/../../../arm-none-eabi/lib/thumb/v7e-m/nofp/libstdc++.a(eh_globals.o)
                              /usr/lib/gcc/arm-none-eabi/12.2.1/../../../arm-none-eabi/lib/thumb/v7e-m/nofp/libstdc++.a(eh_catch.o) (__cxa_get_globals_fast)
/usr/lib/gcc/arm-none-eabi/12.2.1/../../../arm-none-eabi/lib/thumb/v7e-m/nofp/libstdc++.a(eh_personality.o)
                              /usr/lib/gcc/arm-none-eabi/12.2.1/../../../arm-none-eabi/lib/thumb/v7e-m/nofp/libstdc++.a(eh_terminate.o) (__gxx_personality_v0)
/usr/lib/gcc/arm-none-eabi/12.2.1/../../../arm-none-eabi/lib/thumb/v7e-m/nofp/libstdc++.a(eh_term_handler.o)
                              /usr/lib/gcc/arm-none-eabi/12.2.1/../../../arm-none-eabi/lib/thumb/v7e-m/nofp/libstdc++.a(eh_terminate.o) (__cxxabiv1::__terminate_handler)
/usr/lib/gcc/arm-none-eabi/12.2.1/../../../arm-none-eabi/lib/thumb/v7e-m/nofp/libstdc++.a(atexit_arm.o)
                              /usr/lib/gcc/arm-none-eabi/12.2.1/../../../arm-none-eabi/lib/thumb/v7e-m/nofp/libstdc++.a(eh_globals.o) (__aeabi_atexit)
/usr/lib/gcc/arm-none-eabi/12.2.1/../../../arm-none-eabi/lib/thumb/v7e-m/nofp/libstdc++.a(eh_arm.o)
[...]
Memory Configuration

Name             Origin             Length             Attributes
PROGRAM_FLASH    0x0000c000         0x00073c00         xr
SRAM_UPPER       0x20000000         0x00010000         xrw
SRAM_LOWER       0x1fff0000         0x00010000         xrw
*default*        0x00000000         0xffffffff

Linker script and memory map

LOAD /usr/lib/gcc/arm-none-eabi/12.2.1/thumb/v7e-m/nofp/crti.o
LOAD /usr/lib/gcc/arm-none-eabi/12.2.1/thumb/v7e-m/nofp/crtbegin.o
LOAD /usr/lib/gcc/arm-none-eabi/12.2.1/../../../arm-none-eabi/lib/thumb/v7e-m/nofp/crt0.o
LOAD ../main.o
LOAD Startup/startup_mk60d10.o
LOAD Libraries/FEHMotor.o
LOAD Drivers/mcg.o
LOAD Drivers/i2c.o
LOAD Drivers/spi.o
LOAD Drivers/uart.o
LOAD Drivers/ff.o
LOAD Drivers/SDHC.o
LOAD Drivers/lptmr.o
LOAD FEHProteus.o
LOAD Drivers/FEHPropeller.o
LOAD Libraries/FEHUtility.o
LOAD Libraries/FEHIO.o
LOAD Drivers/adc16.o
LOAD Libraries/FEHBuzzer.o
LOAD Libraries/FEHServo.o
LOAD Libraries/FEHLCD.o
LOAD Libraries/FEHAccel.o
LOAD Libraries/FEHBattery.o
LOAD Drivers/FEHXBee.o
LOAD Libraries/FEHRCS.o
LOAD Libraries/FEHSD.o
LOAD Libraries/FEHRandom.o
LOAD /usr/lib/gcc/arm-none-eabi/12.2.1/../../../arm-none-eabi/lib/thumb/v7e-m/nofp/libstdc++.a
LOAD /usr/lib/gcc/arm-none-eabi/12.2.1/../../../arm-none-eabi/lib/thumb/v7e-m/nofp/libm.a
START GROUP
LOAD /usr/lib/gcc/arm-none-eabi/12.2.1/thumb/v7e-m/nofp/libgcc.a
LOAD /usr/lib/gcc/arm-none-eabi/12.2.1/../../../arm-none-eabi/lib/thumb/v7e-m/nofp/libg.a
LOAD /usr/lib/gcc/arm-none-eabi/12.2.1/../../../arm-none-eabi/lib/thumb/v7e-m/nofp/libc.a
END GROUP
START GROUP
LOAD /usr/lib/gcc/arm-none-eabi/12.2.1/thumb/v7e-m/nofp/libgcc.a
LOAD /usr/lib/gcc/arm-none-eabi/12.2.1/../../../arm-none-eabi/lib/thumb/v7e-m/nofp/libc.a
LOAD /usr/lib/gcc/arm-none-eabi/12.2.1/../../../arm-none-eabi/lib/thumb/v7e-m/nofp/libnosys.a
END GROUP
LOAD /usr/lib/gcc/arm-none-eabi/12.2.1/thumb/v7e-m/nofp/crtend.o
LOAD /usr/lib/gcc/arm-none-eabi/12.2.1/thumb/v7e-m/nofp/crtn.o
                0x0000c000                        __base_PROGRAM_FLASH = 0xc000
                0x0000c000                        __base_Flash = 0xc000
                0x0007fc00                        __top_PROGRAM_FLASH = 0x7fc00
                0x0007fc00                        __top_Flash = 0x7fc00
                0x20000000                        __base_SRAM_UPPER = 0x20000000
                0x20000000                        __base_RAM = 0x20000000
                0x20010000                        __top_SRAM_UPPER = 0x20010000
                0x20010000                        __top_RAM = 0x20010000
                0x1fff0000                        __base_SRAM_LOWER = 0x1fff0000
                0x1fff0000                        __base_RAM2 = 0x1fff0000
                0x20000000                        __top_SRAM_LOWER = 0x20000000
                0x20000000                        __top_RAM2 = 0x20000000

.text           0x0000c000      0x410
 FILL mask 0xff
                0x0000c000                        __vectors_start__ = ABSOLUTE (.)
 *(.isr_vector)
 .isr_vector    0x0000c000      0x1bc Startup/startup_mk60d10.o
                0x0000c000                __Vectors
                0x0000c000                g_pfnVectors
                0x0000c1bc                        . = ALIGN (0x4)
                0x0000c1bc                        __section_table_start = .
                0x0000c1bc                        __data_section_table = .
                0x0000c1bc        0x4 LONG 0x12ee0 LOADADDR (.data)
                0x0000c1c0        0x4 LONG 0x20000000 ADDR (.data)
                0x0000c1c4        0x4 LONG 0x1560 SIZEOF (.data)
                0x0000c1c8        0x4 LONG 0x12ee0 LOADADDR (.data_RAM2)
                0x0000c1cc        0x4 LONG 0x1fff0000 ADDR (.data_RAM2)
                0x0000c1d0        0x4 LONG 0x0 SIZEOF (.data_RAM2)
                0x0000c1d4                        __data_section_table_end = .
                0x0000c1d4                        __bss_section_table = .
                0x0000c1d4        0x4 LONG 0x20001560 ADDR (.bss)
                0x0000c1d8        0x4 LONG 0x468 SIZEOF (.bss)
                0x0000c1dc        0x4 LONG 0x1fff0000 ADDR (.bss_RAM2)
                0x0000c1e0        0x4 LONG 0x0 SIZEOF (.bss_RAM2)
                0x0000c1e4                        __bss_section_table_end = .
                0x0000c1e4                        __section_table_end = .
 *(.after_vectors*)
 .after_vectors.init_data
                0x0000c1e4       0x44 Startup/startup_mk60d10.o
                0x0000c1e4                data_init(unsigned int, unsigned int, unsigned int)
 .after_vectors.init_bss
                0x0000c228       0x38 Startup/startup_mk60d10.o
                0x0000c228                bss_init(unsigned int, unsigned int)
 .after_vectors.reset
                0x0000c260       0xb4 Startup/startup_mk60d10.o
                0x0000c260                ResetISR
 .after_vectors
                0x0000c314       0x3c Startup/startup_mk60d10.o
                0x0000c314                NMI_Handler
                0x0000c31a                HardFault_Handler
                0x0000c320                MemManage_Handler
                0x0000c326                BusFault_Handler
                0x0000c32c                UsageFault_Handler
                0x0000c332                SVC_Handler
                0x0000c338                DebugMon_Handler
                0x0000c33e                PendSV_Handler
                0x0000c344                SysTick_Handler
                0x0000c34a                Reserved102_DriverIRQHandler
                0x0000c34a                DMA0_DriverIRQHandler
                0x0000c34a                DMA12_DriverIRQHandler
                0x0000c34a                SPI1_DriverIRQHandler
                0x0000c34a                LPTMR0_DriverIRQHandler
                0x0000c34a                DMA_Error_DriverIRQHandler
                0x0000c34a                FTM1_DriverIRQHandler
                0x0000c34a                FTM2_DriverIRQHandler
                0x0000c34a                PIT2_DriverIRQHandler
                0x0000c34a                SDHC_DriverIRQHandler
                0x0000c34a                I2S0_Tx_DriverIRQHandler
                0x0000c34a                TSI0_DriverIRQHandler
                0x0000c34a                RTC_Seconds_DriverIRQHandler
                0x0000c34a                Reserved109_DriverIRQHandler
                0x0000c34a                DMA6_DriverIRQHandler
                0x0000c34a                LLWU_DriverIRQHandler
                0x0000c34a                MCM_DriverIRQHandler
                0x0000c34a                MCG_DriverIRQHandler
                0x0000c34a                ENET_1588_Timer_DriverIRQHandler
                0x0000c34a                DAC1_DriverIRQHandler
                0x0000c34a                CMP1_DriverIRQHandler
                0x0000c34a                UART5_RX_TX_DriverIRQHandler
                0x0000c34a                FTM0_DriverIRQHandler
                0x0000c34a                IntDefaultHandler
                0x0000c34a                USB0_DriverIRQHandler
                0x0000c34a                UART5_ERR_DriverIRQHandler
                0x0000c34a                DMA11_DriverIRQHandler
                0x0000c34a                DAC0_DriverIRQHandler
                0x0000c34a                DMA10_DriverIRQHandler
                0x0000c34a                CMP2_DriverIRQHandler
                0x0000c34a                UART2_ERR_DriverIRQHandler
                0x0000c34a                SPI2_DriverIRQHandler
                0x0000c34a                LVD_LVW_DriverIRQHandler
                0x0000c34a                RNG_DriverIRQHandler
                0x0000c34a                DMA5_DriverIRQHandler
                0x0000c34a                DMA4_DriverIRQHandler
                0x0000c34a                UART2_RX_TX_DriverIRQHandler
                0x0000c34a                USBDCD_DriverIRQHandler
                0x0000c34a                UART3_ERR_DriverIRQHandler
                0x0000c34a                DMA3_DriverIRQHandler
                0x0000c34a                DMA8_DriverIRQHandler
                0x0000c34a                DMA9_DriverIRQHandler
                0x0000c34a                UART0_ERR_DriverIRQHandler
                0x0000c34a                CMT_DriverIRQHandler
                0x0000c34a                ADC1_DriverIRQHandler
                0x0000c34a                DMA14_DriverIRQHandler
                0x0000c34a                PIT3_DriverIRQHandler
                0x0000c34a                PIT1_DriverIRQHandler
                0x0000c34a                WDOG_EWM_DriverIRQHandler
                0x0000c34a                PDB0_DriverIRQHandler
                0x0000c34a                Reserved95_DriverIRQHandler
                0x0000c34a                RTC_DriverIRQHandler
                0x0000c34a                I2S0_Rx_DriverIRQHandler
                0x0000c34a                Read_Collision_DriverIRQHandler
                0x0000c34a                SWI_DriverIRQHandler
                0x0000c34a                UART4_RX_TX_DriverIRQHandler
                0x0000c34a                UART4_ERR_DriverIRQHandler
                0x0000c34a                UART0_LON_DriverIRQHandler
                0x0000c34a                DMA1_DriverIRQHandler
                0x0000c34a                I2C1_DriverIRQHandler
                0x0000c34a                UART3_RX_TX_DriverIRQHandler
                0x0000c34a                ENET_Receive_DriverIRQHandler
                0x0000c34a                DMA13_DriverIRQHandler
                0x0000c34a                ENET_Error_DriverIRQHandler
                0x0000c34a                DMA15_DriverIRQHandler
                0x0000c34a                SPI0_DriverIRQHandler
                0x0000c34a                ADC0_DriverIRQHandler
                0x0000c34a                FTFL_DriverIRQHandler
                0x0000c34a                CMP0_DriverIRQHandler
                0x0000c34a                CAN0_DriverIRQHandler
                0x0000c34a                Reserved59_DriverIRQHandler
                0x0000c34a                UART1_ERR_DriverIRQHandler
                0x0000c34a                DMA2_DriverIRQHandler
                0x0000c34a                ENET_Transmit_DriverIRQHandler
                0x0000c34a                I2C0_DriverIRQHandler
                0x0000c34a                CAN1_DriverIRQHandler
                0x0000c34a                DMA7_DriverIRQHandler
                0x0000c34a                UART1_RX_TX_DriverIRQHandler
                0x0000c34a                Reserved108_DriverIRQHandler
                0x00000400                        . = 0x400
 *fill*         0x0000c350       0xb0 ff
                0x0000c400                        PROVIDE (__FLASH_CONFIG_START__ = .)
 *(.FlashConfig)
 .FlashConfig   0x0000c400       0x10 Startup/startup_mk60d10.o
                0x0000c410                        PROVIDE (__FLASH_CONFIG_END__ = .)
                0x00000001                        ASSERT (! ((__FLASH_CONFIG_START__ == __FLASH_CONFIG_END__)), Linker Flash Config Support Enabled, but no .FlashConfig section provided within application)

.eh_frame       0x0000c410        0x0
 .eh_frame      0x0000c410        0x0 /usr/lib/gcc/arm-none-eabi/12.2.1/thumb/v7e-m/nofp/crtbegin.o

.glue_7         0x0000c410        0x0
 .glue_7        0x0000c410        0x0 linker stubs

.glue_7t        0x0000c410        0x0
 .glue_7t       0x0000c410        0x0 linker stubs

.vfp11_veneer   0x0000c410        0x0
 .vfp11_veneer  0x0000c410        0x0 linker stubs

.v4_bx          0x0000c410        0x0
 .v4_bx         0x0000c410        0x0 linker stubs

.iplt           0x0000c410        0x0
 .iplt          0x0000c410        0x0 /usr/lib/gcc/arm-none-eabi/12.2.1/thumb/v7e-m/nofp/crtbegin.o

.text           0x0000c410     0x6ac8
 *(.text*)
 .text          0x0000c410       0x88 /usr/lib/gcc/arm-none-eabi/12.2.1/thumb/v7e-m/nofp/crtbegin.o
 .text._Z12move_forwardii
                0x0000c498      0x120 ../main.o
                0x0000c498                move_forward(int, int)
 .text._Z10turn_rightii
                0x0000c5b8       0xb4 ../main.o
                0x0000c5b8                turn_right(int, int)
 .text._Z9turn_leftii
                0x0000c66c       0xb4 ../main.o
                0x0000c66c                turn_left(int, int)
 .text.main     0x0000c720       0xbc ../main.o
                0x0000c720                main
 .text._Z41__static_initialization_and_destruction_0ii
                0x0000c7dc       0x5c ../main.o
 .text._GLOBAL__sub_I_right_encoder
                0x0000c838       0x10 ../main.o
 .text.PORTD_IRQHandler
                0x0000c848       0x50 Startup/startup_mk60d10.o
                0x0000c848                PORTD_IRQHandler
 .text._Z15InitPowerButtonv
                0x0000c898       0x60 Startup/startup_mk60d10.o
                0x0000c898                InitPowerButton()
 .text._ZL11pll_init_blv
                0x0000c8f8       0xe0 Startup/startup_mk60d10.o
 .text._Z14InitFEHProteusv
                0x0000c9d8       0xec Startup/startup_mk60d10.o
                0x0000c9d8                InitFEHProteus()
 .text.DMA0_IRQHandler
                0x0000cac4        0xc Startup/startup_mk60d10.o
                0x0000cac4                DMA0_IRQHandler
 .text.DMA1_IRQHandler
                0x0000cad0        0xc Startup/startup_mk60d10.o
                0x0000cad0                DMA1_IRQHandler
 .text.DMA2_IRQHandler
                0x0000cadc        0xc Startup/startup_mk60d10.o
                0x0000cadc                DMA2_IRQHandler
 .text.DMA3_IRQHandler
                0x0000cae8        0xc Startup/startup_mk60d10.o
                0x0000cae8                DMA3_IRQHandler
 .text.DMA4_IRQHandler
                0x0000caf4        0xc Startup/startup_mk60d10.o
                0x0000caf4                DMA4_IRQHandler
 .text.DMA5_IRQHandler
                0x0000cb00        0xc Startup/startup_mk60d10.o
                0x0000cb00                DMA5_IRQHandler
 .text.DMA6_IRQHandler
                0x0000cb0c        0xc Startup/startup_mk60d10.o
                0x0000cb0c                DMA6_IRQHandler
 .text.DMA7_IRQHandler
                0x0000cb18        0xc Startup/startup_mk60d10.o
                0x0000cb18                DMA7_IRQHandler
 .text.DMA8_IRQHandler
                0x0000cb24        0xc Startup/startup_mk60d10.o
                0x0000cb24                DMA8_IRQHandler
 .text.DMA9_IRQHandler
                0x0000cb30        0xc Startup/startup_mk60d10.o
                0x0000cb30                DMA9_IRQHandler
 .text.DMA10_IRQHandler
                0x0000cb3c        0xc Startup/startup_mk60d10.o
                0x0000cb3c                DMA10_IRQHandler
 .text.DMA11_IRQHandler
                0x0000cb48        0xc Startup/startup_mk60d10.o
                0x0000cb48                DMA11_IRQHandler
 .text.DMA12_IRQHandler
                0x0000cb54        0xc Startup/startup_mk60d10.o
                0x0000cb54                DMA12_IRQHandler
 .text.DMA13_IRQHandler
                0x0000cb60        0xc Startup/startup_mk60d10.o
                0x0000cb60                DMA13_IRQHandler
 .text.DMA14_IRQHandler
                0x0000cb6c        0xc Startup/startup_mk60d10.o
                0x0000cb6c                DMA14_IRQHandler
 .text.DMA15_IRQHandler
                0x0000cb78        0xc Startup/startup_mk60d10.o
                0x0000cb78                DMA15_IRQHandler
 .text.DMA_Error_IRQHandler
                0x0000cb84        0xc Startup/startup_mk60d10.o
                0x0000cb84                DMA_Error_IRQHandler
 .text.MCM_IRQHandler
                0x0000cb90        0xc Startup/startup_mk60d10.o
                0x0000cb90                MCM_IRQHandler
 .text.FTFL_IRQHandler
                0x0000cb9c        0xc Startup/startup_mk60d10.o
                0x0000cb9c                FTFL_IRQHandler
 .text.Read_Collision_IRQHandler
                0x0000cba8        0xc Startup/startup_mk60d10.o
                0x0000cba8                Read_Collision_IRQHandler
 .text.LVD_LVW_IRQHandler
                0x0000cbb4        0xc Startup/startup_mk60d10.o
                0x0000cbb4                LVD_LVW_IRQHandler
 .text.LLWU_IRQHandler
                0x0000cbc0        0xc Startup/startup_mk60d10.o
                0x0000cbc0                LLWU_IRQHandler
 .text.WDOG_EWM_IRQHandler
                0x0000cbcc        0xc Startup/startup_mk60d10.o
                0x0000cbcc                WDOG_EWM_IRQHandler
 .text.RNG_IRQHandler
                0x0000cbd8        0xc Startup/startup_mk60d10.o
                0x0000cbd8                RNG_IRQHandler
 .text.I2C0_IRQHandler
                0x0000cbe4        0xc Startup/startup_mk60d10.o
                0x0000cbe4                I2C0_IRQHandler
 .text.I2C1_IRQHandler
                0x0000cbf0        0xc Startup/startup_mk60d10.o
                0x0000cbf0                I2C1_IRQHandler
 .text.SPI0_IRQHandler
                0x0000cbfc        0xc Startup/startup_mk60d10.o
                0x0000cbfc                SPI0_IRQHandler
 .text.SPI1_IRQHandler
                0x0000cc08        0xc Startup/startup_mk60d10.o
                0x0000cc08                SPI1_IRQHandler
 .text.SPI2_IRQHandler
                0x0000cc14        0xc Startup/startup_mk60d10.o
                0x0000cc14                SPI2_IRQHandler
 .text.CAN0_ORed_Message_buffer_IRQHandler
                0x0000cc20        0xc Startup/startup_mk60d10.o
                0x0000cc20                CAN0_ORed_Message_buffer_IRQHandler
 .text.CAN0_Bus_Off_IRQHandler
                0x0000cc2c        0xc Startup/startup_mk60d10.o
                0x0000cc2c                CAN0_Bus_Off_IRQHandler
 .text.CAN0_Error_IRQHandler
                0x0000cc38        0xc Startup/startup_mk60d10.o
                0x0000cc38                CAN0_Error_IRQHandler
 .text.CAN0_Tx_Warning_IRQHandler
                0x0000cc44        0xc Startup/startup_mk60d10.o
                0x0000cc44                CAN0_Tx_Warning_IRQHandler
 .text.CAN0_Rx_Warning_IRQHandler
                0x0000cc50        0xc Startup/startup_mk60d10.o
                0x0000cc50                CAN0_Rx_Warning_IRQHandler
 .text.CAN0_Wake_Up_IRQHandler
                0x0000cc5c        0xc Startup/startup_mk60d10.o
                0x0000cc5c                CAN0_Wake_Up_IRQHandler
 .text.I2S0_Tx_IRQHandler
                0x0000cc68        0xc Startup/startup_mk60d10.o
                0x0000cc68                I2S0_Tx_IRQHandler
 .text.I2S0_Rx_IRQHandler
                0x0000cc74        0xc Startup/startup_mk60d10.o
                0x0000cc74                I2S0_Rx_IRQHandler
 .text.CAN1_ORed_Message_buffer_IRQHandler
                0x0000cc80        0xc Startup/startup_mk60d10.o
                0x0000cc80                CAN1_ORed_Message_buffer_IRQHandler
 .text.CAN1_Bus_Off_IRQHandler
                0x0000cc8c        0xc Startup/startup_mk60d10.o
                0x0000cc8c                CAN1_Bus_Off_IRQHandler
 .text.CAN1_Error_IRQHandler
                0x0000cc98        0xc Startup/startup_mk60d10.o
                0x0000cc98                CAN1_Error_IRQHandler
 .text.CAN1_Tx_Warning_IRQHandler
                0x0000cca4        0xc Startup/startup_mk60d10.o
                0x0000cca4                CAN1_Tx_Warning_IRQHandler
 .text.CAN1_Rx_Warning_IRQHandler
                0x0000ccb0        0xc Startup/startup_mk60d10.o
                0x0000ccb0                CAN1_Rx_Warning_IRQHandler
 .text.CAN1_Wake_Up_IRQHandler
                0x0000ccbc        0xc Startup/startup_mk60d10.o
                0x0000ccbc                CAN1_Wake_Up_IRQHandler
 .text.Reserved59_IRQHandler
                0x0000ccc8        0xc Startup/startup_mk60d10.o
                0x0000ccc8                Reserved59_IRQHandler
 .text.UART0_LON_IRQHandler
                0x0000ccd4        0xc Startup/startup_mk60d10.o
                0x0000ccd4                UART0_LON_IRQHandler
 .text.UART0_ERR_IRQHandler
                0x0000cce0        0xc Startup/startup_mk60d10.o
                0x0000cce0                UART0_ERR_IRQHandler
 .text.UART1_RX_TX_IRQHandler
                0x0000ccec        0xc Startup/startup_mk60d10.o
                0x0000ccec                UART1_RX_TX_IRQHandler
 .text.UART1_ERR_IRQHandler
                0x0000ccf8        0xc Startup/startup_mk60d10.o
                0x0000ccf8                UART1_ERR_IRQHandler
 .text.UART2_RX_TX_IRQHandler
                0x0000cd04        0xc Startup/startup_mk60d10.o
                0x0000cd04                UART2_RX_TX_IRQHandler
 .text.UART2_ERR_IRQHandler
                0x0000cd10        0xc Startup/startup_mk60d10.o
                0x0000cd10                UART2_ERR_IRQHandler
 .text.UART3_RX_TX_IRQHandler
                0x0000cd1c        0xc Startup/startup_mk60d10.o
                0x0000cd1c                UART3_RX_TX_IRQHandler
 .text.UART3_ERR_IRQHandler
                0x0000cd28        0xc Startup/startup_mk60d10.o
                0x0000cd28                UART3_ERR_IRQHandler
 .text.UART4_RX_TX_IRQHandler
                0x0000cd34        0xc Startup/startup_mk60d10.o
                0x0000cd34                UART4_RX_TX_IRQHandler
 .text.UART4_ERR_IRQHandler
                0x0000cd40        0xc Startup/startup_mk60d10.o
                0x0000cd40                UART4_ERR_IRQHandler
 .text.UART5_RX_TX_IRQHandler
                0x0000cd4c        0xc Startup/startup_mk60d10.o
                0x0000cd4c                UART5_RX_TX_IRQHandler
 .text.UART5_ERR_IRQHandler
                0x0000cd58        0xc Startup/startup_mk60d10.o
                0x0000cd58                UART5_ERR_IRQHandler
 .text.ADC0_IRQHandler
                0x0000cd64        0xc Startup/startup_mk60d10.o
                0x0000cd64                ADC0_IRQHandler
 .text.ADC1_IRQHandler
                0x0000cd70        0xc Startup/startup_mk60d10.o
                0x0000cd70                ADC1_IRQHandler
 .text.CMP0_IRQHandler
                0x0000cd7c        0xc Startup/startup_mk60d10.o
                0x0000cd7c                CMP0_IRQHandler
 .text.CMP1_IRQHandler
                0x0000cd88        0xc Startup/startup_mk60d10.o
                0x0000cd88                CMP1_IRQHandler
 .text.CMP2_IRQHandler
                0x0000cd94        0xc Startup/startup_mk60d10.o
                0x0000cd94                CMP2_IRQHandler
 .text.FTM0_IRQHandler
                0x0000cda0        0xc Startup/startup_mk60d10.o
                0x0000cda0                FTM0_IRQHandler
 .text.FTM1_IRQHandler
                0x0000cdac        0xc Startup/startup_mk60d10.o
                0x0000cdac                FTM1_IRQHandler
 .text.FTM2_IRQHandler
                0x0000cdb8        0xc Startup/startup_mk60d10.o
                0x0000cdb8                FTM2_IRQHandler
 .text.CMT_IRQHandler
                0x0000cdc4        0xc Startup/startup_mk60d10.o
                0x0000cdc4                CMT_IRQHandler
 .text.RTC_IRQHandler
                0x0000cdd0        0xc Startup/startup_mk60d10.o
                0x0000cdd0                RTC_IRQHandler
 .text.RTC_Seconds_IRQHandler
                0x0000cddc        0xc Startup/startup_mk60d10.o
                0x0000cddc                RTC_Seconds_IRQHandler
 .text.PIT1_IRQHandler
                0x0000cde8        0xc Startup/startup_mk60d10.o
                0x0000cde8                PIT1_IRQHandler
 .text.PIT2_IRQHandler
                0x0000cdf4        0xc Startup/startup_mk60d10.o
                0x0000cdf4                PIT2_IRQHandler
 .text.PIT3_IRQHandler
                0x0000ce00        0xc Startup/startup_mk60d10.o
                0x0000ce00                PIT3_IRQHandler
 .text.PDB0_IRQHandler
                0x0000ce0c        0xc Startup/startup_mk60d10.o
                0x0000ce0c                PDB0_IRQHandler
 .text.USB0_IRQHandler
                0x0000ce18        0xc Startup/startup_mk60d10.o
                0x0000ce18                USB0_IRQHandler
 .text.USBDCD_IRQHandler
                0x0000ce24        0xc Startup/startup_mk60d10.o
                0x0000ce24                USBDCD_IRQHandler
 .text.ENET_1588_Timer_IRQHandler
                0x0000ce30        0xc Startup/startup_mk60d10.o
                0x0000ce30                ENET_1588_Timer_IRQHandler
 .text.ENET_Transmit_IRQHandler
                0x0000ce3c        0xc Startup/startup_mk60d10.o
                0x0000ce3c                ENET_Transmit_IRQHandler
 .text.ENET_Receive_IRQHandler
                0x0000ce48        0xc Startup/startup_mk60d10.o
                0x0000ce48                ENET_Receive_IRQHandler
 .text.ENET_Error_IRQHandler
                0x0000ce54        0xc Startup/startup_mk60d10.o
                0x0000ce54                ENET_Error_IRQHandler
 .text.Reserved95_IRQHandler
                0x0000ce60        0xc Startup/startup_mk60d10.o
                0x0000ce60                Reserved95_IRQHandler
 .text.SDHC_IRQHandler
                0x0000ce6c        0xc Startup/startup_mk60d10.o
                0x0000ce6c                SDHC_IRQHandler
 .text.DAC0_IRQHandler
                0x0000ce78        0xc Startup/startup_mk60d10.o
                0x0000ce78                DAC0_IRQHandler
 .text.DAC1_IRQHandler
                0x0000ce84        0xc Startup/startup_mk60d10.o
                0x0000ce84                DAC1_IRQHandler
 .text.TSI0_IRQHandler
                0x0000ce90        0xc Startup/startup_mk60d10.o
                0x0000ce90                TSI0_IRQHandler
 .text.MCG_IRQHandler
                0x0000ce9c        0xc Startup/startup_mk60d10.o
                0x0000ce9c                MCG_IRQHandler
 .text.LPTMR0_IRQHandler
                0x0000cea8        0xc Startup/startup_mk60d10.o
                0x0000cea8                LPTMR0_IRQHandler
 .text.Reserved102_IRQHandler
                0x0000ceb4        0xc Startup/startup_mk60d10.o
                0x0000ceb4                Reserved102_IRQHandler
 .text.Reserved108_IRQHandler
                0x0000cec0        0xc Startup/startup_mk60d10.o
                0x0000cec0                Reserved108_IRQHandler
 .text.Reserved109_IRQHandler
                0x0000cecc        0xc Startup/startup_mk60d10.o
                0x0000cecc                Reserved109_IRQHandler
 .text.SWI_IRQHandler
                0x0000ced8        0xc Startup/startup_mk60d10.o
                0x0000ced8                SWI_IRQHandler
 *fill*         0x0000cee4        0x4 
 .text._ZN8FEHMotorC2ENS_12FEHMotorPortEf
                0x0000cee8       0x7c Libraries/FEHMotor.o
                0x0000cee8                FEHMotor::FEHMotor(FEHMotor::FEHMotorPort, float)
                0x0000cee8                FEHMotor::FEHMotor(FEHMotor::FEHMotorPort, float)
 .text._ZN8FEHMotor4StopEv
                0x0000cf64       0x30 Libraries/FEHMotor.o
                0x0000cf64                FEHMotor::Stop()
 .text._ZN8FEHMotor8SetPowerEi
                0x0000cf94       0x54 Libraries/FEHMotor.o
                0x0000cf94                FEHMotor::SetPower(int)
 .text._ZN8FEHMotor10SetPercentEf
                0x0000cfe8       0xf8 Libraries/FEHMotor.o
                0x0000cfe8                FEHMotor::SetPercent(float)
 .text._Z21IIC_StartTransmissionhh
                0x0000d0e0       0x6c Drivers/i2c.o
                0x0000d0e0                IIC_StartTransmission(unsigned char, unsigned char)
 .text._Z5Pausev
                0x0000d14c       0x26 Drivers/i2c.o
                0x0000d14c                Pause()
 *fill*         0x0000d172        0x2 
 .text._Z21MMA8451QWriteRegisterhh
                0x0000d174       0x68 Drivers/i2c.o
                0x0000d174                MMA8451QWriteRegister(unsigned char, unsigned char)
 .text._Z8i2c_Waitv
                0x0000d1dc       0x6c Drivers/i2c.o
                0x0000d1dc                i2c_Wait()
 .text._Z12SPI_SendCharh
                0x0000d248       0x1a Drivers/spi.o
                0x0000d248                SPI_SendChar(unsigned char)
 .text._Z16SPI_WriteCommandhh
                0x0000d262       0x34 Drivers/spi.o
                0x0000d262                SPI_WriteCommand(unsigned char, unsigned char)
 .text._Z11SPI_GetCharv
                0x0000d296       0x10 Drivers/spi.o
                0x0000d296                SPI_GetChar()
 .text._Z15SPI_ReadCommandh
                0x0000d2a6       0x38 Drivers/spi.o
                0x0000d2a6                SPI_ReadCommand(unsigned char)
 *fill*         0x0000d2de        0x2 
 .text._Z13SPI_CS_Assertv
                0x0000d2e0       0x1c Drivers/spi.o
                0x0000d2e0                SPI_CS_Assert()
 .text._Z15SPI_CS_Deassertv
                0x0000d2fc       0x1c Drivers/spi.o
                0x0000d2fc                SPI_CS_Deassert()
 .text._Z12SPI_Transferh
                0x0000d318       0x6c Drivers/spi.o
                0x0000d318                SPI_Transfer(unsigned char)
 *fill*         0x0000d384        0x4 
 .text._Z8SPI_Initv
                0x0000d388       0xa0 Drivers/spi.o
                0x0000d388                SPI_Init()
 .text._Z9uart_initPV11UART_MemMapii
                0x0000d428      0x174 Drivers/uart.o
                0x0000d428                uart_init(UART_MemMap volatile*, int, int)
 .text._Z12uart_getcharPV11UART_MemMap
                0x0000d59c       0x32 Drivers/uart.o
                0x0000d59c                uart_getchar(UART_MemMap volatile*)
 .text._Z12uart_putcharPV11UART_MemMapc
                0x0000d5ce       0x32 Drivers/uart.o
                0x0000d5ce                uart_putchar(UART_MemMap volatile*, char)
 .text._ZL7mem_setPvij
                0x0000d600       0x40 Drivers/ff.o
 .text._ZL11move_windowP5FATFSm
                0x0000d640       0xc8 Drivers/ff.o
 .text._ZL4syncP5FATFS
                0x0000d708      0x14c Drivers/ff.o
 .text._ZL8validateP5FATFSt
                0x0000d854       0x54 Drivers/ff.o
 .text._Z6f_syncP3FIL
                0x0000d8a8      0x186 Drivers/ff.o
                0x0000d8a8                f_sync(FIL*)
 .text._Z7f_closeP3FIL
                0x0000da2e       0x28 Drivers/ff.o
                0x0000da2e                f_close(FIL*)
 *fill*         0x0000da56        0x2 
 .text._ZL17SDHC_set_baudratemm
                0x0000da58       0xe8 Drivers/SDHC.o
 .text._Z9SDHC_initP17esdhc_info_structPK17esdhc_init_struct
                0x0000db40      0x130 Drivers/SDHC.o
                0x0000db40                SDHC_init(esdhc_info_struct*, esdhc_init_struct const*)
 .text._ZL15SDHC_is_runningv
                0x0000dc70       0x24 Drivers/SDHC.o
 .text._ZL16SDHC_status_waitm
                0x0000dc94       0x28 Drivers/SDHC.o
 .text._ZL17SDHC_send_commandP20esdhc_command_struct
                0x0000dcbc      0x1f8 Drivers/SDHC.o
 .text._Z10SDHC_ioctlmPv
                0x0000deb4      0x6f0 Drivers/SDHC.o
                0x0000deb4                SDHC_ioctl(unsigned long, void*)
 .text._ZL14rcvr_datablockPhm
                0x0000e5a4       0xf0 Drivers/SDHC.o
 .text._Z9disk_readhPhmh
                0x0000e694      0x124 Drivers/SDHC.o
                0x0000e694                disk_read(unsigned char, unsigned char*, unsigned long, unsigned char)
 .text._ZL14xmit_datablockPKhm
                0x0000e7b8       0xa8 Drivers/SDHC.o
 .text._Z10disk_writehPKhmh
                0x0000e860      0x198 Drivers/SDHC.o
                0x0000e860                disk_write(unsigned char, unsigned char const*, unsigned long, unsigned char)
 .text._Z10disk_ioctlhhPv
                0x0000e9f8      0x104 Drivers/SDHC.o
                0x0000e9f8                disk_ioctl(unsigned char, unsigned char, void*)
 .text._Z11disk_statush
                0x0000eafc       0x28 Drivers/SDHC.o
                0x0000eafc                disk_status(unsigned char)
 .text._Z13time_delay_msm
                0x0000eb24       0x6c Drivers/lptmr.o
                0x0000eb24                time_delay_ms(unsigned long)
 .text._Z41__static_initialization_and_destruction_0ii
                0x0000eb90       0x2c FEHProteus.o
 .text._GLOBAL__sub_I_Propeller
                0x0000ebbc       0x10 FEHProteus.o
 .text._ZN12FEHPropellerC2Ev
                0x0000ebcc       0x1a Drivers/FEHPropeller.o
                0x0000ebcc                FEHPropeller::FEHPropeller()
                0x0000ebcc                FEHPropeller::FEHPropeller()
 *fill*         0x0000ebe6        0x2 
 .text._ZN12FEHPropeller10InitializeEv
                0x0000ebe8       0x74 Drivers/FEHPropeller.o
                0x0000ebe8                FEHPropeller::Initialize()
 .text._ZN12FEHPropeller12SetMotorRateEhhh
                0x0000ec5c       0x5c Drivers/FEHPropeller.o
                0x0000ec5c                FEHPropeller::SetMotorRate(unsigned char, unsigned char, unsigned char)
 .text._ZL5Delaymjj
                0x0000ecb8       0x94 Libraries/FEHUtility.o
 .text._Z5Sleepi
                0x0000ed4c       0x2c Libraries/FEHUtility.o
                0x0000ed4c                Sleep(int)
 .text._Z5Sleepd
                0x0000ed78       0x4c Libraries/FEHUtility.o
                0x0000ed78                Sleep(double)
 .text._ZN14DigitalEncoderC2EN5FEHIO8FEHIOPinE
                0x0000edc4       0x26 Libraries/FEHIO.o
                0x0000edc4                DigitalEncoder::DigitalEncoder(FEHIO::FEHIOPin)
                0x0000edc4                DigitalEncoder::DigitalEncoder(FEHIO::FEHIOPin)
 *fill*         0x0000edea        0x2 
 .text._Z10enable_irqi
                0x0000edec       0xec Libraries/FEHIO.o
                0x0000edec                enable_irq(int)
 .text._ZN14DigitalEncoder10InitializeEN5FEHIO8FEHIOPinENS0_21FEHIOInterruptTriggerE
                0x0000eed8      0x1a8 Libraries/FEHIO.o
                0x0000eed8                DigitalEncoder::Initialize(FEHIO::FEHIOPin, FEHIO::FEHIOInterruptTrigger)
 .text._Z16PORTB_IRQHandlerv
                0x0000f080       0x9c Libraries/FEHIO.o
                0x0000f080                PORTB_IRQHandler()
 .text._Z16PORTC_IRQHandlerv
                0x0000f11c       0x9c Libraries/FEHIO.o
                0x0000f11c                PORTC_IRQHandler()
 .text._Z16PORTA_IRQHandlerv
                0x0000f1b8       0xa0 Libraries/FEHIO.o
                0x0000f1b8                PORTA_IRQHandler()
 .text._Z16PORTE_IRQHandlerv
                0x0000f258       0x98 Libraries/FEHIO.o
                0x0000f258                PORTE_IRQHandler()
 .text._ZN14DigitalEncoder6CountsEv
                0x0000f2f0       0x24 Libraries/FEHIO.o
                0x0000f2f0                DigitalEncoder::Counts()
 .text._ZN14DigitalEncoder11ResetCountsEv
                0x0000f314       0x24 Libraries/FEHIO.o
                0x0000f314                DigitalEncoder::ResetCounts()
 .text._ZN14AnalogInputPinC2EN5FEHIO8FEHIOPinE
                0x0000f338       0x1e Libraries/FEHIO.o
                0x0000f338                AnalogInputPin::AnalogInputPin(FEHIO::FEHIOPin)
                0x0000f338                AnalogInputPin::AnalogInputPin(FEHIO::FEHIOPin)
 *fill*         0x0000f356        0x2 
 .text._ZN13AnalogEncoder12EncoderValueEv
                0x0000f358       0xb0 Libraries/FEHIO.o
                0x0000f358                AnalogEncoder::EncoderValue()
 .text._ZN14AnalogInputPin8InitADCsEv
                0x0000f408       0x98 Libraries/FEHIO.o
                0x0000f408                AnalogInputPin::InitADCs()
 .text._Z15PIT0_IRQHandlerv
                0x0000f4a0       0x28 Libraries/FEHIO.o
                0x0000f4a0                PIT0_IRQHandler()
 .text._ZN13AnalogEncoder4InitEv
                0x0000f4c8       0x44 Libraries/FEHIO.o
                0x0000f4c8                AnalogEncoder::Init()
 .text._ZN13AnalogEncoder14SetCounterInitEj
                0x0000f50c       0x20 Libraries/FEHIO.o
                0x0000f50c                AnalogEncoder::SetCounterInit(unsigned int)
 .text._ZN13AnalogEncoder10ProcessIntEv
                0x0000f52c       0x6c Libraries/FEHIO.o
                0x0000f52c                AnalogEncoder::ProcessInt()
 .text._ZN13AnalogEncoder14ProcessIntSelfEv
                0x0000f598       0x6e Libraries/FEHIO.o
                0x0000f598                AnalogEncoder::ProcessIntSelf()
 .text._Z7ADC_CalPV10ADC_MemMap
                0x0000f606      0x13e Drivers/adc16.o
                0x0000f606                ADC_Cal(ADC_MemMap volatile*)
 .text._Z14ADC_Config_AltPV10ADC_MemMapP7adc_cfg
                0x0000f744       0x6c Drivers/adc16.o
                0x0000f744                ADC_Config_Alt(ADC_MemMap volatile*, adc_cfg*)
 .text._ZN9FEHBuzzerC2Ev
                0x0000f7b0       0x14 Libraries/FEHBuzzer.o
                0x0000f7b0                FEHBuzzer::FEHBuzzer()
                0x0000f7b0                FEHBuzzer::FEHBuzzer()
 .text._Z41__static_initialization_and_destruction_0ii
                0x0000f7c4       0x2c Libraries/FEHBuzzer.o
 .text._GLOBAL__sub_I_Buzzer
                0x0000f7f0       0x10 Libraries/FEHBuzzer.o
 .text._ZN6FEHLCD11_InitializeEv
                0x0000f800      0x410 Libraries/FEHLCD.o
                0x0000f800                FEHLCD::_Initialize()
 .text._ZN6FEHLCDC2Ev
                0x0000fc10       0x50 Libraries/FEHLCD.o
                0x0000fc10                FEHLCD::FEHLCD()
                0x0000fc10                FEHLCD::FEHLCD()
 .text._ZN6FEHLCD10InitializeEv
                0x0000fc60       0x28 Libraries/FEHLCD.o
                0x0000fc60                FEHLCD::Initialize()
 .text._ZN6FEHLCD10PrintImageEii
                0x0000fc88       0xc0 Libraries/FEHLCD.o
                0x0000fc88                FEHLCD::PrintImage(int, int)
 .text._ZN6FEHLCD9PrintLogoEii
                0x0000fd48       0xc0 Libraries/FEHLCD.o
                0x0000fd48                FEHLCD::PrintLogo(int, int)
 .text._ZN6FEHLCD22ConvertFEHColorTo24BitENS_11FEHLCDColorE
                0x0000fe08       0x78 Libraries/FEHLCD.o
                0x0000fe08                FEHLCD::ConvertFEHColorTo24Bit(FEHLCD::FEHLCDColor)
 .text._ZN6FEHLCD24Convert24BitColorTo16BitEj
                0x0000fe80       0x30 Libraries/FEHLCD.o
                0x0000fe80                FEHLCD::Convert24BitColorTo16Bit(unsigned int)
 .text._ZN6FEHLCD22ConvertRGBColorTo16BitEhhh
                0x0000feb0       0x4a Libraries/FEHLCD.o
                0x0000feb0                FEHLCD::ConvertRGBColorTo16Bit(unsigned char, unsigned char, unsigned char)
 .text._ZN6FEHLCD5ClearENS_11FEHLCDColorE
                0x0000fefa       0x28 Libraries/FEHLCD.o
                0x0000fefa                FEHLCD::Clear(FEHLCD::FEHLCDColor)
 .text._ZN6FEHLCD5ClearEj
                0x0000ff22       0x2c Libraries/FEHLCD.o
                0x0000ff22                FEHLCD::Clear(unsigned int)
 .text._ZN6FEHLCD18SetBackgroundColorENS_11FEHLCDColorE
                0x0000ff4e       0x28 Libraries/FEHLCD.o
                0x0000ff4e                FEHLCD::SetBackgroundColor(FEHLCD::FEHLCDColor)
 .text._ZN6FEHLCD18SetBackgroundColorEj
                0x0000ff76       0x26 Libraries/FEHLCD.o
                0x0000ff76                FEHLCD::SetBackgroundColor(unsigned int)
 .text._ZN6FEHLCD12SetFontColorENS_11FEHLCDColorE
                0x0000ff9c       0x28 Libraries/FEHLCD.o
                0x0000ff9c                FEHLCD::SetFontColor(FEHLCD::FEHLCDColor)
 .text._ZN6FEHLCD12SetFontColorEj
                0x0000ffc4       0x26 Libraries/FEHLCD.o
                0x0000ffc4                FEHLCD::SetFontColor(unsigned int)
 .text._ZN6FEHLCD7WriteAtEPKcii
                0x0000ffea       0x48 Libraries/FEHLCD.o
                0x0000ffea                FEHLCD::WriteAt(char const*, int, int)
 .text._ZN6FEHLCD11TS_SPI_InitEv
                0x00010032       0x7c Libraries/FEHLCD.o
                0x00010032                FEHLCD::TS_SPI_Init()
 *fill*         0x000100ae        0x2 
 .text._ZN6FEHLCD5TouchEPfS0_
                0x000100b0      0x1f4 Libraries/FEHLCD.o
                0x000100b0                FEHLCD::Touch(float*, float*)
 .text._ZN6FEHLCD3absEi
                0x000102a4       0x22 Libraries/FEHLCD.o
                0x000102a4                FEHLCD::abs(int)
 .text._ZN6FEHLCD5WriteEPKc
                0x000102c6       0x50 Libraries/FEHLCD.o
                0x000102c6                FEHLCD::Write(char const*)
 .text._ZN6FEHLCD9WriteLineEPKc
                0x00010316       0x26 Libraries/FEHLCD.o
                0x00010316                FEHLCD::WriteLine(char const*)
 .text._ZN6FEHLCD10WriteIndexEh
                0x0001033c      0x14c Libraries/FEHLCD.o
                0x0001033c                FEHLCD::WriteIndex(unsigned char)
 .text._ZN6FEHLCD14WriteParameterEh
                0x00010488      0x130 Libraries/FEHLCD.o
                0x00010488                FEHLCD::WriteParameter(unsigned char)
 .text._ZN6FEHLCD6_ClearEv
                0x000105b8      0x15c Libraries/FEHLCD.o
                0x000105b8                FEHLCD::_Clear()
 .text._ZN6FEHLCD8NextLineEv
                0x00010714       0x2a Libraries/FEHLCD.o
                0x00010714                FEHLCD::NextLine()
 .text._ZN6FEHLCD9CheckLineEv
                0x0001073e       0x28 Libraries/FEHLCD.o
                0x0001073e                FEHLCD::CheckLine()
 .text._ZN6FEHLCD8NextCharEv
                0x00010766       0x32 Libraries/FEHLCD.o
                0x00010766                FEHLCD::NextChar()
 .text._ZN6FEHLCD13SetDrawRegionEiiii
                0x00010798       0xfe Libraries/FEHLCD.o
                0x00010798                FEHLCD::SetDrawRegion(int, int, int, int)
 .text._ZN6FEHLCD9WriteCharEiic
                0x00010896       0x34 Libraries/FEHLCD.o
                0x00010896                FEHLCD::WriteChar(int, int, char)
 *fill*         0x000108ca        0x2 
 .text._ZN6FEHLCD11WriteCharAtEiic
                0x000108cc      0x214 Libraries/FEHLCD.o
                0x000108cc                FEHLCD::WriteCharAt(int, int, char)
 .text._ZN6FEHLCD11RepeatColorEv
                0x00010ae0       0x70 Libraries/FEHLCD.o
                0x00010ae0                FEHLCD::RepeatColor()
 .text._ZN6FEHLCD10_ForePixelEv
                0x00010b50       0xc4 Libraries/FEHLCD.o
                0x00010b50                FEHLCD::_ForePixel()
 .text._ZN6FEHLCD10_BackPixelEv
                0x00010c14       0xc4 Libraries/FEHLCD.o
                0x00010c14                FEHLCD::_BackPixel()
 .text._ZN6FEHLCD22SetRegisterColorValuesEv
                0x00010cd8      0x336 Libraries/FEHLCD.o
                0x00010cd8                FEHLCD::SetRegisterColorValues()
 *fill*         0x0001100e        0x2 
 .text._Z41__static_initialization_and_destruction_0ii
                0x00011010       0x2c Libraries/FEHLCD.o
 .text._GLOBAL__sub_I_image
                0x0001103c       0x10 Libraries/FEHLCD.o
 .text._ZN8FEHAccelC2Ev
                0x0001104c       0x70 Libraries/FEHAccel.o
                0x0001104c                FEHAccel::FEHAccel()
                0x0001104c                FEHAccel::FEHAccel()
 .text._Z41__static_initialization_and_destruction_0ii
                0x000110bc       0x2c Libraries/FEHAccel.o
 .text._GLOBAL__sub_I_Accel
                0x000110e8       0x10 Libraries/FEHAccel.o
 .text._ZN10FEHBatteryC2EN5FEHIO8FEHIOPinE
                0x000110f8       0x22 Libraries/FEHBattery.o
                0x000110f8                FEHBattery::FEHBattery(FEHIO::FEHIOPin)
                0x000110f8                FEHBattery::FEHBattery(FEHIO::FEHIOPin)
 *fill*         0x0001111a        0x2 
 .text._Z41__static_initialization_and_destruction_0ii
                0x0001111c       0x30 Libraries/FEHBattery.o
 .text._GLOBAL__sub_I_Battery
                0x0001114c       0x10 Libraries/FEHBattery.o
 .text._ZN7FEHXBeeC2Ev
                0x0001115c       0x1a Drivers/FEHXBee.o
                0x0001115c                FEHXBee::FEHXBee()
                0x0001115c                FEHXBee::FEHXBee()
 *fill*         0x00011176        0x2 
 .text._ZN7FEHXBee17SetPacketCallBackEPFvPhhE
                0x00011178       0x20 Drivers/FEHXBee.o
                0x00011178                FEHXBee::SetPacketCallBack(void (*)(unsigned char*, unsigned char))
 .text._Z22UART0_RX_TX_IRQHandlerv
                0x00011198       0xec Drivers/FEHXBee.o
                0x00011198                UART0_RX_TX_IRQHandler()
 .text._ZN6FEHRCSC2Ev
                0x00011284       0x74 Libraries/FEHRCS.o
                0x00011284                FEHRCS::FEHRCS()
                0x00011284                FEHRCS::FEHRCS()
 .text._Z14RCSDataProcessPhh
                0x000112f8       0xa0 Libraries/FEHRCS.o
                0x000112f8                RCSDataProcess(unsigned char*, unsigned char)
 .text._Z41__static_initialization_and_destruction_0ii
                0x00011398       0x2c Libraries/FEHRCS.o
 .text._GLOBAL__sub_I_RCS
                0x000113c4       0x10 Libraries/FEHRCS.o
 .text._ZN5FEHSDC2Ev
                0x000113d4       0x24 Libraries/FEHSD.o
                0x000113d4                FEHSD::FEHSD()
                0x000113d4                FEHSD::FEHSD()
 .text._ZN5FEHSD9FCloseAllEv
                0x000113f8       0x6c Libraries/FEHSD.o
                0x000113f8                FEHSD::FCloseAll()
 .text._Z41__static_initialization_and_destruction_0ii
                0x00011464       0x2c Libraries/FEHSD.o
 .text._GLOBAL__sub_I_SD
                0x00011490       0x10 Libraries/FEHSD.o
 .text._ZN9FEHRandom10InitializeEv
                0x000114a0       0x3c Libraries/FEHRandom.o
                0x000114a0                FEHRandom::Initialize()
 .text.startup._GLOBAL__sub_I__ZN9__gnu_cxx9__freeresEv
                0x000114dc       0x28 /usr/lib/gcc/arm-none-eabi/12.2.1/../../../arm-none-eabi/lib/thumb/v7e-m/nofp/libstdc++.a(eh_alloc.o)
 .text._ZN12_GLOBAL__N_113constant_initD2Ev
                0x00011504        0x4 /usr/lib/gcc/arm-none-eabi/12.2.1/../../../arm-none-eabi/lib/thumb/v7e-m/nofp/libstdc++.a(eh_globals.o)
 .text.startup._GLOBAL__sub_I___cxa_get_globals_fast
                0x00011508       0x18 /usr/lib/gcc/arm-none-eabi/12.2.1/../../../arm-none-eabi/lib/thumb/v7e-m/nofp/libstdc++.a(eh_globals.o)
 .text.__aeabi_atexit
                0x00011520        0xc /usr/lib/gcc/arm-none-eabi/12.2.1/../../../arm-none-eabi/lib/thumb/v7e-m/nofp/libstdc++.a(atexit_arm.o)
                0x00011520                __aeabi_atexit
 .text          0x0001152c      0x378 /usr/lib/gcc/arm-none-eabi/12.2.1/thumb/v7e-m/nofp/libgcc.a(_arm_addsubdf3.o)
                0x0001152c                __aeabi_drsub
                0x00011534                __aeabi_dsub
                0x00011534                __subdf3
                0x00011538                __adddf3
                0x00011538                __aeabi_dadd
                0x000117b0                __aeabi_ui2d
                0x000117b0                __floatunsidf
                0x000117d0                __floatsidf
                0x000117d0                __aeabi_i2d
                0x000117f4                __extendsfdf2
                0x000117f4                __aeabi_f2d
                0x00011838                __aeabi_ul2d
                0x00011838                __floatundidf
                0x00011848                __floatdidf
                0x00011848                __aeabi_l2d
 .text          0x000118a4      0x424 /usr/lib/gcc/arm-none-eabi/12.2.1/thumb/v7e-m/nofp/libgcc.a(_arm_muldivdf3.o)
                0x000118a4                __aeabi_dmul
                0x000118a4                __muldf3
                0x00011af8                __aeabi_ddiv
                0x00011af8                __divdf3
 .text          0x00011cc8      0x110 /usr/lib/gcc/arm-none-eabi/12.2.1/thumb/v7e-m/nofp/libgcc.a(_arm_cmpdf2.o)
                0x00011cc8                __gtdf2
                0x00011cc8                __gedf2
                0x00011cd0                __ltdf2
                0x00011cd0                __ledf2
                0x00011cd8                __cmpdf2
                0x00011cd8                __eqdf2
                0x00011cd8                __nedf2
                0x00011d54                __aeabi_cdrcmple
                0x00011d64                __aeabi_cdcmple
                0x00011d64                __aeabi_cdcmpeq
                0x00011d74                __aeabi_dcmpeq
                0x00011d88                __aeabi_dcmplt
                0x00011d9c                __aeabi_dcmple
                0x00011db0                __aeabi_dcmpge
                0x00011dc4                __aeabi_dcmpgt
 .text          0x00011dd8       0x50 /usr/lib/gcc/arm-none-eabi/12.2.1/thumb/v7e-m/nofp/libgcc.a(_arm_fixdfsi.o)
                0x00011dd8                __fixdfsi
                0x00011dd8                __aeabi_d2iz
 .text          0x00011e28       0x40 /usr/lib/gcc/arm-none-eabi/12.2.1/thumb/v7e-m/nofp/libgcc.a(_arm_fixunsdfsi.o)
                0x00011e28                __fixunsdfsi
                0x00011e28                __aeabi_d2uiz
 .text          0x00011e68       0xa0 /usr/lib/gcc/arm-none-eabi/12.2.1/thumb/v7e-m/nofp/libgcc.a(_arm_truncdfsf2.o)
                0x00011e68                __aeabi_d2f
                0x00011e68                __truncdfsf2
 .text          0x00011f08      0x21c /usr/lib/gcc/arm-none-eabi/12.2.1/thumb/v7e-m/nofp/libgcc.a(_arm_addsubsf3.o)
                0x00011f08                __aeabi_frsub
                0x00011f10                __subsf3
                0x00011f10                __aeabi_fsub
                0x00011f14                __aeabi_fadd
                0x00011f14                __addsf3
                0x00012074                __aeabi_ui2f
                0x00012074                __floatunsisf
                0x0001207c                __aeabi_i2f
                0x0001207c                __floatsisf
                0x00012098                __floatundisf
                0x00012098                __aeabi_ul2f
                0x000120a8                __floatdisf
                0x000120a8                __aeabi_l2f
 .text          0x00012124       0xec /usr/lib/gcc/arm-none-eabi/12.2.1/thumb/v7e-m/nofp/libgcc.a(_arm_cmpsf2.o)
                0x00012124                __gtsf2
                0x00012124                __gesf2
                0x0001212c                __lesf2
                0x0001212c                __ltsf2
                0x00012134                __nesf2
                0x00012134                __eqsf2
                0x00012134                __cmpsf2
                0x00012194                __aeabi_cfrcmple
                0x0001219c                __aeabi_cfcmple
                0x0001219c                __aeabi_cfcmpeq
                0x000121ac                __aeabi_fcmpeq
                0x000121c0                __aeabi_fcmplt
                0x000121d4                __aeabi_fcmple
                0x000121e8                __aeabi_fcmpge
                0x000121fc                __aeabi_fcmpgt
 .text          0x00012210        0xc /usr/lib/gcc/arm-none-eabi/12.2.1/../../../arm-none-eabi/lib/thumb/v7e-m/nofp/libg.a(lib_a-atexit.o)
                0x00012210                atexit
 .text          0x0001221c        0xc /usr/lib/gcc/arm-none-eabi/12.2.1/../../../arm-none-eabi/lib/thumb/v7e-m/nofp/libg.a(lib_a-cxa_atexit.o)
                0x0001221c                __cxa_atexit
 .text          0x00012228       0x28 /usr/lib/gcc/arm-none-eabi/12.2.1/../../../arm-none-eabi/lib/thumb/v7e-m/nofp/libg.a(lib_a-fini.o)
                0x00012228                __libc_fini_array
 .text          0x00012250       0x50 /usr/lib/gcc/arm-none-eabi/12.2.1/../../../arm-none-eabi/lib/thumb/v7e-m/nofp/libg.a(lib_a-init.o)
                0x00012250                __libc_init_array
 .text          0x000122a0       0x20 /usr/lib/gcc/arm-none-eabi/12.2.1/../../../arm-none-eabi/lib/thumb/v7e-m/nofp/libg.a(lib_a-malloc.o)
                0x000122a0                malloc
                0x000122b0                free
 .text          0x000122c0      0x538 /usr/lib/gcc/arm-none-eabi/12.2.1/../../../arm-none-eabi/lib/thumb/v7e-m/nofp/libg.a(lib_a-mallocr.o)
                0x000122c0                _malloc_r
 .text          0x000127f8        0x8 /usr/lib/gcc/arm-none-eabi/12.2.1/../../../arm-none-eabi/lib/thumb/v7e-m/nofp/libg.a(lib_a-mlock.o)
                0x000127f8                __malloc_lock
                0x000127fc                __malloc_unlock
 .text          0x00012800       0x24 /usr/lib/gcc/arm-none-eabi/12.2.1/../../../arm-none-eabi/lib/thumb/v7e-m/nofp/libg.a(lib_a-sbrkr.o)
                0x00012800                _sbrk_r
 .text          0x00012824       0x68 /usr/lib/gcc/arm-none-eabi/12.2.1/../../../arm-none-eabi/lib/thumb/v7e-m/nofp/libg.a(lib_a-__atexit.o)
                0x00012824                __register_exitproc
 .text.startup  0x0001288c       0x14 /usr/lib/gcc/arm-none-eabi/12.2.1/../../../arm-none-eabi/lib/thumb/v7e-m/nofp/libg.a(lib_a-__call_atexit.o)
 .text          0x000128a0      0x2a0 /usr/lib/gcc/arm-none-eabi/12.2.1/../../../arm-none-eabi/lib/thumb/v7e-m/nofp/libg.a(lib_a-freer.o)
                0x000128a0                _malloc_trim_r
                0x0001293c                _free_r
 .text          0x00012b40       0x1c /usr/lib/gcc/arm-none-eabi/12.2.1/../../../arm-none-eabi/lib/thumb/v7e-m/nofp/libnosys.a(sbrk.o)
                0x00012b40                _sbrk
 *(.rodata .rodata.* .constdata .constdata.*)
 .rodata        0x00012b5c       0x2d ../main.o
 *fill*         0x00012b89        0x3 
 .rodata.K60_SDHC0_init
                0x00012b8c        0xc Drivers/SDHC.o
                0x00012b8c                K60_SDHC0_init
 .rodata._ZL21ESDHC_COMMAND_XFERTYP
                0x00012b98      0x100 Drivers/SDHC.o
 .rodata._ZL9GPIOPorts
                0x00012c98       0x20 Libraries/FEHIO.o
 .rodata._ZL10ADCNumbers
                0x00012cb8       0x21 Libraries/FEHIO.o
 *fill*         0x00012cd9        0x3 
 .rodata._ZL14GPIOPinNumbers
                0x00012cdc       0x80 Libraries/FEHIO.o
 .rodata._ZL16AnalogPinNumbers
                0x00012d5c       0x84 Libraries/FEHIO.o
 .rodata        0x00012de0       0x78 Libraries/FEHIO.o
 .rodata        0x00012e58       0x32 Libraries/FEHLCD.o
 *fill*         0x00012e8a        0x2 
 .rodata        0x00012e8c        0x4 /usr/lib/gcc/arm-none-eabi/12.2.1/../../../arm-none-eabi/lib/thumb/v7e-m/nofp/libg.a(lib_a-impure.o)
                0x00012e8c                _global_impure_ptr
                0x00012e90                        . = ALIGN (0x4)
                0x00012e90                        . = ALIGN (0x4)
 *(.init)
 .init          0x00012e90        0x4 /usr/lib/gcc/arm-none-eabi/12.2.1/thumb/v7e-m/nofp/crti.o
                0x00012e90                _init
 .init          0x00012e94        0x8 /usr/lib/gcc/arm-none-eabi/12.2.1/thumb/v7e-m/nofp/crtn.o
                0x00012e9c                        . = ALIGN (0x4)
                0x00012e9c                        __preinit_array_start = .
 *(.preinit_array)
                0x00012e9c                        __preinit_array_end = .
                0x00012e9c                        . = ALIGN (0x4)
                0x00012e9c                        __init_array_start = .
 *(SORT_BY_NAME(.init_array.*))
 .init_array.00000
                0x00012e9c        0x4 /usr/lib/gcc/arm-none-eabi/12.2.1/../../../arm-none-eabi/lib/thumb/v7e-m/nofp/libg.a(lib_a-__call_atexit.o)
 *(.init_array)
 .init_array    0x00012ea0        0x4 /usr/lib/gcc/arm-none-eabi/12.2.1/thumb/v7e-m/nofp/crtbegin.o
 .init_array    0x00012ea4        0x4 ../main.o
 .init_array    0x00012ea8        0x4 FEHProteus.o
 .init_array    0x00012eac        0x4 Libraries/FEHBuzzer.o
 .init_array    0x00012eb0        0x4 Libraries/FEHLCD.o
 .init_array    0x00012eb4        0x4 Libraries/FEHAccel.o
 .init_array    0x00012eb8        0x4 Libraries/FEHBattery.o
 .init_array    0x00012ebc        0x4 Libraries/FEHRCS.o
 .init_array    0x00012ec0        0x4 Libraries/FEHSD.o
 .init_array    0x00012ec4        0x4 /usr/lib/gcc/arm-none-eabi/12.2.1/../../../arm-none-eabi/lib/thumb/v7e-m/nofp/libstdc++.a(eh_alloc.o)
 .init_array    0x00012ec8        0x4 /usr/lib/gcc/arm-none-eabi/12.2.1/../../../arm-none-eabi/lib/thumb/v7e-m/nofp/libstdc++.a(eh_globals.o)
                0x00012ecc                        __init_array_end = .
 *(.fini)
 .fini          0x00012ecc        0x4 /usr/lib/gcc/arm-none-eabi/12.2.1/thumb/v7e-m/nofp/crti.o
                0x00012ecc                _fini
 .fini          0x00012ed0        0x8 /usr/lib/gcc/arm-none-eabi/12.2.1/thumb/v7e-m/nofp/crtn.o
                0x00012ed8                        . = ALIGN (0x4)
 *crtbegin.o(.ctors)
 *(EXCLUDE_FILE(*crtend.o) .ctors)
 *(SORT_BY_NAME(.ctors.*))
 *crtend.o(.ctors)
                0x00012ed8                        . = ALIGN (0x4)
 *crtbegin.o(.dtors)
 *(EXCLUDE_FILE(*crtend.o) .dtors)
 *(SORT_BY_NAME(.dtors.*))
 *crtend.o(.dtors)
                0x00012ed8                        . = ALIGN (0x4)

.ARM.extab
 *(.ARM.extab* .gnu.linkonce.armextab.*)
                0x00012ed8                        __exidx_start = .

.ARM.exidx      0x00012ed8        0x8
 *(.ARM.exidx* .gnu.linkonce.armexidx.*)
 .ARM.exidx.text.startup._GLOBAL__sub_I__ZN9__gnu_cxx9__freeresEv
                0x00012ed8        0x8 /usr/lib/gcc/arm-none-eabi/12.2.1/../../../arm-none-eabi/lib/thumb/v7e-m/nofp/libstdc++.a(eh_alloc.o)
 .ARM.exidx.text._ZN12_GLOBAL__N_113constant_initD2Ev
                0x00012ee0        0x0 /usr/lib/gcc/arm-none-eabi/12.2.1/../../../arm-none-eabi/lib/thumb/v7e-m/nofp/libstdc++.a(eh_globals.o)
                                  0x8 (size before relaxing)
 .ARM.exidx.text.startup._GLOBAL__sub_I___cxa_get_globals_fast
                0x00012ee0        0x0 /usr/lib/gcc/arm-none-eabi/12.2.1/../../../arm-none-eabi/lib/thumb/v7e-m/nofp/libstdc++.a(eh_globals.o)
                                  0x8 (size before relaxing)
 .ARM.exidx.text.__aeabi_atexit
                0x00012ee0        0x0 /usr/lib/gcc/arm-none-eabi/12.2.1/../../../arm-none-eabi/lib/thumb/v7e-m/nofp/libstdc++.a(atexit_arm.o)
                                  0x8 (size before relaxing)
                0x00012ee0                        __exidx_end = .
                0x00012ee0                        _etext = .

.rel.dyn        0x00012ee0        0x0
 .rel.iplt      0x00012ee0        0x0 /usr/lib/gcc/arm-none-eabi/12.2.1/thumb/v7e-m/nofp/crtbegin.o

.m_usb_data
 *(m_usb_bdt)

.data_RAM2      0x1fff0000        0x0 load address 0x00012ee0
 FILL mask 0xff
                [!provide]                        PROVIDE (__start_data_RAM2 = .)
 *(.ramfunc.$RAM2)
 *(.ramfunc.$SRAM_LOWER)
 *(.EXTRA_RAM)
 *(.data.$RAM2)
 *(.data.$SRAM_LOWER)
 *(.data.$RAM2.*)
 *(.data.$SRAM_LOWER.*)
                0x1fff0000                        . = ALIGN (0x4)
                [!provide]                        PROVIDE (__end_data_RAM2 = .)

.uninit_RESERVED
                0x20000000        0x0
                0x20000000                        . = ALIGN (0x4)
 *(.bss.$RESERVED*)
                0x20000000                        . = ALIGN (0x4)
                0x20000000                        _end_uninit_RESERVED = .

.data           0x20000000     0x1560 load address 0x00012ee0
 FILL mask 0xff
                0x20000000                        _data = .
 *(vtable)
 *(.ramfunc*)
 *(CodeQuickAccess)
 *(DataQuickAccess)
 *(RamFunction)
 *(.data*)
 .data          0x20000000        0x4 /usr/lib/gcc/arm-none-eabi/12.2.1/thumb/v7e-m/nofp/crtbegin.o
                0x20000000                __dso_handle
 .data._ZL4Stat
                0x20000004        0x1 Drivers/SDHC.o
 *fill*         0x20000005        0x3 ff
 .data.image    0x20000008      0x74e Libraries/FEHLCD.o
                0x20000008                image
 *fill*         0x20000756        0x2 ff
 .data.logo     0x20000758      0x3e6 Libraries/FEHLCD.o
                0x20000758                logo
 *fill*         0x20000b3e        0x2 ff
 .data._ZN6FEHLCD8fontDataE
                0x20000b40      0x1e0 Libraries/FEHLCD.o
                0x20000b40                FEHLCD::fontData
 .data          0x20000d20      0x430 /usr/lib/gcc/arm-none-eabi/12.2.1/../../../arm-none-eabi/lib/thumb/v7e-m/nofp/libg.a(lib_a-impure.o)
                0x20000d20                _impure_ptr
 .data          0x20001150      0x410 /usr/lib/gcc/arm-none-eabi/12.2.1/../../../arm-none-eabi/lib/thumb/v7e-m/nofp/libg.a(lib_a-mallocr.o)
                0x20001150                __malloc_av_
                0x20001558                __malloc_sbrk_base
                0x2000155c                __malloc_trim_threshold
                0x20001560                        . = ALIGN (0x4)
                0x20001560                        _edata = .

.tm_clone_table
                0x20001560        0x0 load address 0x00014440
 .tm_clone_table
                0x20001560        0x0 /usr/lib/gcc/arm-none-eabi/12.2.1/thumb/v7e-m/nofp/crtbegin.o
 .tm_clone_table
                0x20001560        0x0 /usr/lib/gcc/arm-none-eabi/12.2.1/thumb/v7e-m/nofp/crtend.o

.igot.plt       0x20001560        0x0 load address 0x00014440
 .igot.plt      0x20001560        0x0 /usr/lib/gcc/arm-none-eabi/12.2.1/thumb/v7e-m/nofp/crtbegin.o

.bss_RAM2       0x1fff0000        0x0
                0x1fff0000                        . = ALIGN (0x4)
                [!provide]                        PROVIDE (__start_bss_RAM2 = .)
 *(.bss.$RAM2)
 *(.bss.$SRAM_LOWER)
 *(.bss.$RAM2.*)
 *(.bss.$SRAM_LOWER.*)
                0x1fff0000                        . = ALIGN ((. != 0x0)?0x4:0x1)
                [!provide]                        PROVIDE (__end_bss_RAM2 = .)

.bss            0x20001560      0x468
                0x20001560                        . = ALIGN (0x4)
                0x20001560                        _bss = .
 *(.bss*)
 .bss           0x20001560       0x1c /usr/lib/gcc/arm-none-eabi/12.2.1/thumb/v7e-m/nofp/crtbegin.o
 .bss.right_encoder
                0x2000157c        0x1 ../main.o
                0x2000157c                right_encoder
 *fill*         0x2000157d        0x3 
 .bss.left_encoder
                0x20001580        0x1 ../main.o
                0x20001580                left_encoder
 *fill*         0x20001581        0x3 
 .bss.right_motor
                0x20001584        0x8 ../main.o
                0x20001584                right_motor
 .bss.left_motor
                0x2000158c        0x8 ../main.o
                0x2000158c                left_motor
 .bss.MasterTransmission
                0x20001594        0x1 Drivers/i2c.o
                0x20001594                MasterTransmission
 .bss.SlaveID   0x20001595        0x1 Drivers/i2c.o
                0x20001595                SlaveID
 .bss.timeout   0x20001596        0x1 Drivers/i2c.o
                0x20001596                timeout
 *fill*         0x20001597        0x1 
 .bss.SDHC_Card
                0x20001598       0x14 Drivers/SDHC.o
                0x20001598                SDHC_Card
 .bss.SDHC_Info
                0x200015ac      0x204 Drivers/SDHC.o
                0x200015ac                SDHC_Info
 .bss.SDHC_Device
                0x200017b0        0x8 Drivers/SDHC.o
                0x200017b0                SDHC_Device
 .bss.Propeller
                0x200017b8        0x1 FEHProteus.o
                0x200017b8                Propeller
 *fill*         0x200017b9        0x3 
 .bss.CoreClockKHz
                0x200017bc        0x4 FEHProteus.o
                0x200017bc                CoreClockKHz
 .bss.CoreClockMHz
                0x200017c0        0x4 FEHProteus.o
                0x200017c0                CoreClockMHz
 .bss.PeripheralClockKHz
                0x200017c4        0x4 FEHProteus.o
                0x200017c4                PeripheralClockKHz
 .bss._ZN14AnalogInputPin17Master_Adc_ConfigE
                0x200017c8       0x10 Libraries/FEHIO.o
                0x200017c8                AnalogInputPin::Master_Adc_Config
 .bss._ZN14AnalogInputPin18Encoder_Adc_ConfigE
                0x200017d8       0x10 Libraries/FEHIO.o
                0x200017d8                AnalogInputPin::Encoder_Adc_Config
 .bss.interrupt_counts
                0x200017e8       0x80 Libraries/FEHIO.o
                0x200017e8                interrupt_counts
 .bss._ZN13AnalogEncoder7pinListE
                0x20001868        0x4 Libraries/FEHIO.o
                0x20001868                AnalogEncoder::pinList
 .bss.__interrupt_counter
                0x2000186c        0x4 Libraries/FEHIO.o
                0x2000186c                __interrupt_counter
 .bss.Buzzer    0x20001870        0x1 Libraries/FEHBuzzer.o
                0x20001870                Buzzer
 *fill*         0x20001871        0x3 
 .bss.LCD       0x20001874       0x44 Libraries/FEHLCD.o
                0x20001874                LCD
 .bss.initialized
                0x200018b8        0x1 Libraries/FEHLCD.o
                0x200018b8                initialized
 *fill*         0x200018b9        0x3 
 .bss.Accel     0x200018bc        0x1 Libraries/FEHAccel.o
                0x200018bc                Accel
 *fill*         0x200018bd        0x3 
 .bss.Battery   0x200018c0        0x1 Libraries/FEHBattery.o
                0x200018c0                Battery
 *fill*         0x200018c1        0x3 
 .bss.XBeeDataProcess
                0x200018c4        0x4 Drivers/FEHXBee.o
                0x200018c4                XBeeDataProcess
 .bss._xbeebuffer
                0x200018c8       0x10 Drivers/FEHXBee.o
                0x200018c8                _xbeebuffer
 .bss._xbeebufferindex
                0x200018d8        0x1 Drivers/FEHXBee.o
                0x200018d8                _xbeebufferindex
 .bss._xbeestate
                0x200018d9        0x1 Drivers/FEHXBee.o
                0x200018d9                _xbeestate
 .bss._xbeebytereceived
                0x200018da        0x1 Drivers/FEHXBee.o
                0x200018da                _xbeebytereceived
 .bss._xbeebyte
                0x200018db        0x1 Drivers/FEHXBee.o
                0x200018db                _xbeebyte
 .bss.RCS       0x200018dc        0x8 Libraries/FEHRCS.o
                0x200018dc                RCS
 .bss._enabled  0x200018e4        0x1 Libraries/FEHRCS.o
                0x200018e4                _enabled
 *fill*         0x200018e5        0x3 
 .bss._RCS_x    0x200018e8        0x4 Libraries/FEHRCS.o
                0x200018e8                _RCS_x
 .bss._RCS_y    0x200018ec        0x4 Libraries/FEHRCS.o
                0x200018ec                _RCS_y
 .bss._RCS_heading
                0x200018f0        0x4 Libraries/FEHRCS.o
                0x200018f0                _RCS_heading
 .bss._RCS_objective
                0x200018f4        0x4 Libraries/FEHRCS.o
                0x200018f4                _RCS_objective
 .bss._RCS_time
                0x200018f8        0x1 Libraries/FEHRCS.o
                0x200018f8                _RCS_time
 .bss._RCS_stop
                0x200018f9        0x1 Libraries/FEHRCS.o
                0x200018f9                _RCS_stop
 .bss._RCS_foundpacket
                0x200018fa        0x1 Libraries/FEHRCS.o
                0x200018fa                _RCS_foundpacket
 *fill*         0x200018fb        0x1 
 .bss.SD        0x200018fc        0x8 Libraries/FEHSD.o
                0x200018fc                SD
 .bss.f_res     0x20001904        0x1 Libraries/FEHSD.o
                0x20001904                f_res
 *fill*         0x20001905        0x3 
 .bss.filePtrs  0x20001908       0x64 Libraries/FEHSD.o
                0x20001908                filePtrs
 .bss.Random    0x2000196c        0x1 Libraries/FEHRandom.o
                0x2000196c                Random
 *fill*         0x2000196d        0x3 
 .bss._ZN12_GLOBAL__N_114emergency_poolE
                0x20001970       0x10 /usr/lib/gcc/arm-none-eabi/12.2.1/../../../arm-none-eabi/lib/thumb/v7e-m/nofp/libstdc++.a(eh_alloc.o)
 .bss._ZN12_GLOBAL__N_110eh_globalsE
                0x20001980        0xc /usr/lib/gcc/arm-none-eabi/12.2.1/../../../arm-none-eabi/lib/thumb/v7e-m/nofp/libstdc++.a(eh_globals.o)
 .bss           0x2000198c       0x34 /usr/lib/gcc/arm-none-eabi/12.2.1/../../../arm-none-eabi/lib/thumb/v7e-m/nofp/libg.a(lib_a-mallocr.o)
                0x2000198c                __malloc_top_pad
                0x20001990                __malloc_current_mallinfo
                0x200019b8                __malloc_max_sbrked_mem
                0x200019bc                __malloc_max_total_mem
 .bss           0x200019c0        0x4 /usr/lib/gcc/arm-none-eabi/12.2.1/../../../arm-none-eabi/lib/thumb/v7e-m/nofp/libg.a(lib_a-reent.o)
                0x200019c0                errno
 .bss           0x200019c4        0x4 /usr/lib/gcc/arm-none-eabi/12.2.1/../../../arm-none-eabi/lib/thumb/v7e-m/nofp/libnosys.a(sbrk.o)
 *(COMMON)
                0x200019c8                        . = ALIGN (0x4)
                0x200019c8                        _ebss = .
                0x200019c8                        PROVIDE (end = .)

.noinit_RAM2    0x1fff0000        0x0
                0x1fff0000                        . = ALIGN (0x4)
 *(.noinit.$RAM2)
 *(.noinit.$SRAM_LOWER)
 *(.noinit.$RAM2.*)
 *(.noinit.$SRAM_LOWER.*)
                0x1fff0000                        . = ALIGN (0x4)

.noinit         0x200019c8        0x0
                0x200019c8                        . = ALIGN (0x4)
                0x200019c8                        _noinit = .
 *(.noinit*)
                0x200019c8                        . = ALIGN (0x4)
                0x200019c8                        _end_noinit = .
                0x00001000                        _HeapSize = 0x1000

.heap           0x1fff0000     0x1000
                0x1fff0000                        _pvHeapStart = .
                0x1fff1000                        . = (. + _HeapSize)
 *fill*         0x1fff0000     0x1000 
                0x1fff1000                        . = ALIGN (0x4)
                0x1fff1000                        _pvHeapLimit = .
                0x00001000                        _StackSize = 0x1000

.heap2stackfill
                0x1fff1000     0x1000
                0x1fff2000                        . = (. + _StackSize)
 *fill*         0x1fff1000     0x1000 

.stack          0x1ffff000        0x0
                0x1ffff000                        _vStackBase = .
                0x1ffff000                        . = ALIGN (0x4)
                0x20000000                        _vStackTop = (. + _StackSize)
                0x0000c000                        _image_start = LOADADDR (.text)
                0x00014440                        _image_end = (LOADADDR (.data) + SIZEOF (.data))
                0x00008440                        _image_size = (_image_end - _image_start)
OUTPUT(../Proteus.elf elf32-littlearm)
LOAD linker stubs

.ARM.attributes
                0x00000000       0x2a
 .ARM.attributes
                0x00000000       0x1e /usr/lib/gcc/arm-none-eabi/12.2.1/thumb/v7e-m/nofp/crti.o
 .ARM.attributes
                0x0000001e       0x2e /usr/lib/gcc/arm-none-eabi/12.2.1/thumb/v7e-m/nofp/crtbegin.o
 .ARM.attributes
                0x0000004c       0x2e ../main.o
 .ARM.attributes
                0x0000007a       0x2e Startup/startup_mk60d10.o
 .ARM.attributes
                0x000000a8       0x2e Libraries/FEHMotor.o
 .ARM.attributes
                0x000000d6       0x2e Drivers/i2c.o
 .ARM.attributes
                0x00000104       0x2e Drivers/spi.o
 .ARM.attributes
                0x00000132       0x2e Drivers/uart.o
 .ARM.attributes
                0x00000160       0x2e Drivers/ff.o
 .ARM.attributes
                0x0000018e       0x2e Drivers/SDHC.o
 .ARM.attributes
                0x000001bc       0x2e Drivers/lptmr.o
 .ARM.attributes
                0x000001ea       0x2e FEHProteus.o
 .ARM.attributes
                0x00000218       0x2e Drivers/FEHPropeller.o
 .ARM.attributes
                0x00000246       0x2e Libraries/FEHUtility.o
 .ARM.attributes
                0x00000274       0x2e Libraries/FEHIO.o
 .ARM.attributes
                0x000002a2       0x2e Drivers/adc16.o
 .ARM.attributes
                0x000002d0       0x2e Libraries/FEHBuzzer.o
 .ARM.attributes
                0x000002fe       0x2e Libraries/FEHLCD.o
 .ARM.attributes
                0x0000032c       0x2e Libraries/FEHAccel.o
 .ARM.attributes
                0x0000035a       0x2e Libraries/FEHBattery.o
 .ARM.attributes
                0x00000388       0x2e Drivers/FEHXBee.o
 .ARM.attributes
                0x000003b6       0x2e Libraries/FEHRCS.o
 .ARM.attributes
                0x000003e4       0x2e Libraries/FEHSD.o
 .ARM.attributes
                0x00000412       0x2e Libraries/FEHRandom.o
 .ARM.attributes
                0x00000440       0x2e /usr/lib/gcc/arm-none-eabi/12.2.1/../../../arm-none-eabi/lib/thumb/v7e-m/nofp/libstdc++.a(eh_alloc.o)
 .ARM.attributes
                0x0000046e       0x2e /usr/lib/gcc/arm-none-eabi/12.2.1/../../../arm-none-eabi/lib/thumb/v7e-m/nofp/libstdc++.a(eh_globals.o)
 .ARM.attributes
                0x0000049c       0x2e /usr/lib/gcc/arm-none-eabi/12.2.1/../../../arm-none-eabi/lib/thumb/v7e-m/nofp/libstdc++.a(atexit_arm.o)
 .ARM.attributes
                0x000004ca       0x1e /usr/lib/gcc/arm-none-eabi/12.2.1/thumb/v7e-m/nofp/libgcc.a(_arm_addsubdf3.o)
 .ARM.attributes
                0x000004e8       0x1e /usr/lib/gcc/arm-none-eabi/12.2.1/thumb/v7e-m/nofp/libgcc.a(_arm_muldivdf3.o)
 .ARM.attributes
                0x00000506       0x1e /usr/lib/gcc/arm-none-eabi/12.2.1/thumb/v7e-m/nofp/libgcc.a(_arm_cmpdf2.o)
 .ARM.attributes
                0x00000524       0x1e /usr/lib/gcc/arm-none-eabi/12.2.1/thumb/v7e-m/nofp/libgcc.a(_arm_fixdfsi.o)
 .ARM.attributes
                0x00000542       0x1e /usr/lib/gcc/arm-none-eabi/12.2.1/thumb/v7e-m/nofp/libgcc.a(_arm_fixunsdfsi.o)
 .ARM.attributes
                0x00000560       0x1e /usr/lib/gcc/arm-none-eabi/12.2.1/thumb/v7e-m/nofp/libgcc.a(_arm_truncdfsf2.o)
 .ARM.attributes
                0x0000057e       0x1e /usr/lib/gcc/arm-none-eabi/12.2.1/thumb/v7e-m/nofp/libgcc.a(_arm_addsubsf3.o)
 .ARM.attributes
                0x0000059c       0x1e /usr/lib/gcc/arm-none-eabi/12.2.1/thumb/v7e-m/nofp/libgcc.a(_arm_cmpsf2.o)
 .ARM.attributes
                0x000005ba       0x2e /usr/lib/gcc/arm-none-eabi/12.2.1/../../../arm-none-eabi/lib/thumb/v7e-m/nofp/libg.a(lib_a-atexit.o)
 .ARM.attributes
                0x000005e8       0x2e /usr/lib/gcc/arm-none-eabi/12.2.1/../../../arm-none-eabi/lib/thumb/v7e-m/nofp/libg.a(lib_a-cxa_atexit.o)
 .ARM.attributes
                0x00000616       0x2e /usr/lib/gcc/arm-none-eabi/12.2.1/../../../arm-none-eabi/lib/thumb/v7e-m/nofp/libg.a(lib_a-fini.o)
 .ARM.attributes
                0x00000644       0x2e /usr/lib/gcc/arm-none-eabi/12.2.1/../../../arm-none-eabi/lib/thumb/v7e-m/nofp/libg.a(lib_a-impure.o)
 .ARM.attributes
                0x00000672       0x2e /usr/lib/gcc/arm-none-eabi/12.2.1/../../../arm-none-eabi/lib/thumb/v7e-m/nofp/libg.a(lib_a-init.o)
 .ARM.attributes
                0x000006a0       0x2e /usr/lib/gcc/arm-none-eabi/12.2.1/../../../arm-none-eabi/lib/thumb/v7e-m/nofp/libg.a(lib_a-malloc.o)
 .ARM.attributes
                0x000006ce       0x2e /usr/lib/gcc/arm-none-eabi/12.2.1/../../../arm-none-eabi/lib/thumb/v7e-m/nofp/libg.a(lib_a-mallocr.o)
 .ARM.attributes
                0x000006fc       0x2e /usr/lib/gcc/arm-none-eabi/12.2.1/../../../arm-none-eabi/lib/thumb/v7e-m/nofp/libg.a(lib_a-mlock.o)
 .ARM.attributes
                0x0000072a       0x2e /usr/lib/gcc/arm-none-eabi/12.2.1/../../../arm-none-eabi/lib/thumb/v7e-m/nofp/libg.a(lib_a-sbrkr.o)
 .ARM.attributes
                0x00000758       0x2e /usr/lib/gcc/arm-none-eabi/12.2.1/../../../arm-none-eabi/lib/thumb/v7e-m/nofp/libg.a(lib_a-__atexit.o)
 .ARM.attributes
                0x00000786       0x2e /usr/lib/gcc/arm-none-eabi/12.2.1/../../../arm-none-eabi/lib/thumb/v7e-m/nofp/libg.a(lib_a-__call_atexit.o)
 .ARM.attributes
                0x000007b4       0x2e /usr/lib/gcc/arm-none-eabi/12.2.1/../../../arm-none-eabi/lib/thumb/v7e-m/nofp/libg.a(lib_a-freer.o)
 .ARM.attributes
                0x000007e2       0x2e /usr/lib/gcc/arm-none-eabi/12.2.1/../../../arm-none-eabi/lib/thumb/v7e-m/nofp/libg.a(lib_a-reent.o)
 .ARM.attributes
                0x00000810       0x2e /usr/lib/gcc/arm-none-eabi/12.2.1/../../../arm-none-eabi/lib/thumb/v7e-m/nofp/libnosys.a(sbrk.o)
 .ARM.attributes
                0x0000083e       0x2e /usr/lib/gcc/arm-none-eabi/12.2.1/thumb/v7e-m/nofp/crtend.o
 .ARM.attributes
                0x0000086c       0x1e /usr/lib/gcc/arm-none-eabi/12.2.1/thumb/v7e-m/nofp/crtn.o

.comment        0x00000000       0x26
 .comment       0x00000000       0x26 /usr/lib/gcc/arm-none-eabi/12.2.1/thumb/v7e-m/nofp/crtbegin.o
                                 0x27 (size before relaxing)
 .comment       0x00000026       0x27 ../main.o
 .comment       0x00000026       0x27 Startup/startup_mk60d10.o
 .comment       0x00000026       0x27 Libraries/FEHMotor.o
 .comment       0x00000026       0x27 Drivers/i2c.o
 .comment       0x00000026       0x27 Drivers/spi.o
 .comment       0x00000026       0x27 Drivers/uart.o
 .comment       0x00000026       0x27 Drivers/ff.o
 .comment       0x00000026       0x27 Drivers/SDHC.o
 .comment       0x00000026       0x27 Drivers/lptmr.o
 .comment       0x00000026       0x27 FEHProteus.o
 .comment       0x00000026       0x27 Drivers/FEHPropeller.o
 .comment       0x00000026       0x27 Libraries/FEHUtility.o
 .comment       0x00000026       0x27 Libraries/FEHIO.o
 .comment       0x00000026       0x27 Drivers/adc16.o
 .comment       0x00000026       0x27 Libraries/FEHBuzzer.o
 .comment       0x00000026       0x27 Libraries/FEHLCD.o
 .comment       0x00000026       0x27 Libraries/FEHAccel.o
 .comment       0x00000026       0x27 Libraries/FEHBattery.o
 .comment       0x00000026       0x27 Drivers/FEHXBee.o
 .comment       0x00000026       0x27 Libraries/FEHRCS.o
 .comment       0x00000026       0x27 Libraries/FEHSD.o
 .comment       0x00000026       0x27 Libraries/FEHRandom.o
 .comment       0x00000026       0x27 /usr/lib/gcc/arm-none-eabi/12.2.1/../../../arm-none-eabi/lib/thumb/v7e-m/nofp/libstdc++.a(eh_alloc.o)
 .comment       0x00000026       0x27 /usr/lib/gcc/arm-none-eabi/12.2.1/../../../arm-none-eabi/lib/thumb/v7e-m/nofp/libstdc++.a(eh_globals.o)
 .comment       0x00000026       0x27 /usr/lib/gcc/arm-none-eabi/12.2.1/../../../arm-none-eabi/lib/thumb/v7e-m/nofp/libstdc++.a(atexit_arm.o)
 .comment       0x00000026       0x27 /usr/lib/gcc/arm-none-eabi/12.2.1/../../../arm-none-eabi/lib/thumb/v7e-m/nofp/libg.a(lib_a-atexit.o)
 .comment       0x00000026       0x27 /usr/lib/gcc/arm-none-eabi/12.2.1/../../../arm-none-eabi/lib/thumb/v7e-m/nofp/libg.a(lib_a-cxa_atexit.o)
 .comment       0x00000026       0x27 /usr/lib/gcc/arm-none-eabi/12.2.1/../../../arm-none-eabi/lib/thumb/v7e-m/nofp/libg.a(lib_a-fini.o)
 .comment       0x00000026       0x27 /usr/lib/gcc/arm-none-eabi/12.2.1/../../../arm-none-eabi/lib/thumb/v7e-m/nofp/libg.a(lib_a-impure.o)
 .comment       0x00000026       0x27 /usr/lib/gcc/arm-none-eabi/12.2.1/../../../arm-none-eabi/lib/thumb/v7e-m/nofp/libg.a(lib_a-init.o)
 .comment       0x00000026       0x27 /usr/lib/gcc/arm-none-eabi/12.2.1/../../../arm-none-eabi/lib/thumb/v7e-m/nofp/libg.a(lib_a-malloc.o)
 .comment       0x00000026       0x27 /usr/lib/gcc/arm-none-eabi/12.2.1/../../../arm-none-eabi/lib/thumb/v7e-m/nofp/libg.a(lib_a-mallocr.o)
 .comment       0x00000026       0x27 /usr/lib/gcc/arm-none-eabi/12.2.1/../../../arm-none-eabi/lib/thumb/v7e-m/nofp/libg.a(lib_a-mlock.o)
 .comment       0x00000026       0x27 /usr/lib/gcc/arm-none-eabi/12.2.1/../../../arm-none-eabi/lib/thumb/v7e-m/nofp/libg.a(lib_a-sbrkr.o)
 .comment       0x00000026       0x27 /usr/lib/gcc/arm-none-eabi/12.2.1/../../../arm-none-eabi/lib/thumb/v7e-m/nofp/libg.a(lib_a-__atexit.o)
 .comment       0x00000026       0x27 /usr/lib/gcc/arm-none-eabi/12.2.1/../../../arm-none-eabi/lib/thumb/v7e-m/nofp/libg.a(lib_a-__call_atexit.o)
 .comment       0x00000026       0x27 /usr/lib/gcc/arm-none-eabi/12.2.1/../../../arm-none-eabi/lib/thumb/v7e-m/nofp/libg.a(lib_a-freer.o)
 .comment       0x00000026       0x27 /usr/lib/gcc/arm-none-eabi/12.2.1/../../../arm-none-eabi/lib/thumb/v7e-m/nofp/libg.a(lib_a-reent.o)
 .comment       0x00000026       0x27 /usr/lib/gcc/arm-none-eabi/12.2.1/../../../arm-none-eabi/lib/thumb/v7e-m/nofp/libnosys.a(sbrk.o)
 .comment       0x00000026       0x27 /usr/lib/gcc/arm-none-eabi/12.2.1/thumb/v7e-m/nofp/crtend.o

.debug_info     0x00000000    0x1d4a6
 .debug_info    0x00000000     0x1062 ../main.o
 .debug_info    0x00001062     0x2eeb Startup/startup_mk60d10.o
 .debug_info    0x00003f4d      0x363 Libraries/FEHMotor.o
 .debug_info    0x000042b0      0x2cb Drivers/i2c.o
 .debug_info    0x0000457b      0x753 Drivers/spi.o
 .debug_info    0x00004cce      0x5f7 Drivers/uart.o
 .debug_info    0x000052c5     0x1e5a Drivers/ff.o
 .debug_info    0x0000711f      0xfde Drivers/SDHC.o
 .debug_info    0x000080fd      0x323 Drivers/lptmr.o
 .debug_info    0x00008420      0x20f FEHProteus.o
 .debug_info    0x0000862f      0x7f2 Drivers/FEHPropeller.o
 .debug_info    0x00008e21      0x374 Libraries/FEHUtility.o
 .debug_info    0x00009195     0x1de8 Libraries/FEHIO.o
 .debug_info    0x0000af7d      0x4f9 Drivers/adc16.o
 .debug_info    0x0000b476      0xac1 Libraries/FEHBuzzer.o
 .debug_info    0x0000bf37     0x2cd4 Libraries/FEHLCD.o
 .debug_info    0x0000ec0b      0x317 Libraries/FEHAccel.o
 .debug_info    0x0000ef22      0x412 Libraries/FEHBattery.o
 .debug_info    0x0000f334      0xbae Drivers/FEHXBee.o
 .debug_info    0x0000fee2     0x2029 Libraries/FEHRCS.o
 .debug_info    0x00011f0b     0x1e14 Libraries/FEHSD.o
 .debug_info    0x00013d1f      0xb29 Libraries/FEHRandom.o
 .debug_info    0x00014848     0x1822 /usr/lib/gcc/arm-none-eabi/12.2.1/../../../arm-none-eabi/lib/thumb/v7e-m/nofp/libstdc++.a(eh_alloc.o)
 .debug_info    0x0001606a      0xc8c /usr/lib/gcc/arm-none-eabi/12.2.1/../../../arm-none-eabi/lib/thumb/v7e-m/nofp/libstdc++.a(eh_globals.o)
 .debug_info    0x00016cf6      0x133 /usr/lib/gcc/arm-none-eabi/12.2.1/../../../arm-none-eabi/lib/thumb/v7e-m/nofp/libstdc++.a(atexit_arm.o)
 .debug_info    0x00016e29       0xb6 /usr/lib/gcc/arm-none-eabi/12.2.1/thumb/v7e-m/nofp/libgcc.a(_arm_addsubdf3.o)
 .debug_info    0x00016edf       0x52 /usr/lib/gcc/arm-none-eabi/12.2.1/thumb/v7e-m/nofp/libgcc.a(_arm_muldivdf3.o)
 .debug_info    0x00016f31       0xc0 /usr/lib/gcc/arm-none-eabi/12.2.1/thumb/v7e-m/nofp/libgcc.a(_arm_cmpdf2.o)
 .debug_info    0x00016ff1       0x39 /usr/lib/gcc/arm-none-eabi/12.2.1/thumb/v7e-m/nofp/libgcc.a(_arm_fixdfsi.o)
 .debug_info    0x0001702a       0x39 /usr/lib/gcc/arm-none-eabi/12.2.1/thumb/v7e-m/nofp/libgcc.a(_arm_fixunsdfsi.o)
 .debug_info    0x00017063       0x3c /usr/lib/gcc/arm-none-eabi/12.2.1/thumb/v7e-m/nofp/libgcc.a(_arm_truncdfsf2.o)
 .debug_info    0x0001709f       0xaf /usr/lib/gcc/arm-none-eabi/12.2.1/thumb/v7e-m/nofp/libgcc.a(_arm_addsubsf3.o)
 .debug_info    0x0001714e       0xbc /usr/lib/gcc/arm-none-eabi/12.2.1/thumb/v7e-m/nofp/libgcc.a(_arm_cmpsf2.o)
 .debug_info    0x0001720a      0x118 /usr/lib/gcc/arm-none-eabi/12.2.1/../../../arm-none-eabi/lib/thumb/v7e-m/nofp/libg.a(lib_a-atexit.o)
 .debug_info    0x00017322      0x152 /usr/lib/gcc/arm-none-eabi/12.2.1/../../../arm-none-eabi/lib/thumb/v7e-m/nofp/libg.a(lib_a-cxa_atexit.o)
 .debug_info    0x00017474       0xf7 /usr/lib/gcc/arm-none-eabi/12.2.1/../../../arm-none-eabi/lib/thumb/v7e-m/nofp/libg.a(lib_a-fini.o)
 .debug_info    0x0001756b      0x8be /usr/lib/gcc/arm-none-eabi/12.2.1/../../../arm-none-eabi/lib/thumb/v7e-m/nofp/libg.a(lib_a-impure.o)
 .debug_info    0x00017e29      0x10b /usr/lib/gcc/arm-none-eabi/12.2.1/../../../arm-none-eabi/lib/thumb/v7e-m/nofp/libg.a(lib_a-init.o)
 .debug_info    0x00017f34      0x942 /usr/lib/gcc/arm-none-eabi/12.2.1/../../../arm-none-eabi/lib/thumb/v7e-m/nofp/libg.a(lib_a-malloc.o)
 .debug_info    0x00018876      0xe59 /usr/lib/gcc/arm-none-eabi/12.2.1/../../../arm-none-eabi/lib/thumb/v7e-m/nofp/libg.a(lib_a-mallocr.o)
 .debug_info    0x000196cf      0x8d4 /usr/lib/gcc/arm-none-eabi/12.2.1/../../../arm-none-eabi/lib/thumb/v7e-m/nofp/libg.a(lib_a-mlock.o)
 .debug_info    0x00019fa3      0x92a /usr/lib/gcc/arm-none-eabi/12.2.1/../../../arm-none-eabi/lib/thumb/v7e-m/nofp/libg.a(lib_a-sbrkr.o)
 .debug_info    0x0001a8cd      0x941 /usr/lib/gcc/arm-none-eabi/12.2.1/../../../arm-none-eabi/lib/thumb/v7e-m/nofp/libg.a(lib_a-__atexit.o)
 .debug_info    0x0001b20e      0x9d2 /usr/lib/gcc/arm-none-eabi/12.2.1/../../../arm-none-eabi/lib/thumb/v7e-m/nofp/libg.a(lib_a-__call_atexit.o)
 .debug_info    0x0001bbe0      0xcc0 /usr/lib/gcc/arm-none-eabi/12.2.1/../../../arm-none-eabi/lib/thumb/v7e-m/nofp/libg.a(lib_a-freer.o)
 .debug_info    0x0001c8a0      0xb68 /usr/lib/gcc/arm-none-eabi/12.2.1/../../../arm-none-eabi/lib/thumb/v7e-m/nofp/libg.a(lib_a-reent.o)
 .debug_info    0x0001d408       0x9e /usr/lib/gcc/arm-none-eabi/12.2.1/../../../arm-none-eabi/lib/thumb/v7e-m/nofp/libnosys.a(sbrk.o)

.debug_abbrev   0x00000000     0x5d4b
 .debug_abbrev  0x00000000      0x2df ../main.o
 .debug_abbrev  0x000002df      0x572 Startup/startup_mk60d10.o
 .debug_abbrev  0x00000851      0x177 Libraries/FEHMotor.o
 .debug_abbrev  0x000009c8      0x137 Drivers/i2c.o
 .debug_abbrev  0x00000aff      0x1c6 Drivers/spi.o
 .debug_abbrev  0x00000cc5      0x16e Drivers/uart.o
 .debug_abbrev  0x00000e33      0x1f1 Drivers/ff.o
 .debug_abbrev  0x00001024      0x298 Drivers/SDHC.o
 .debug_abbrev  0x000012bc       0xde Drivers/lptmr.o
 .debug_abbrev  0x0000139a      0x12b FEHProteus.o
 .debug_abbrev  0x000014c5      0x1be Drivers/FEHPropeller.o
 .debug_abbrev  0x00001683      0x161 Libraries/FEHUtility.o
 .debug_abbrev  0x000017e4      0x55d Libraries/FEHIO.o
 .debug_abbrev  0x00001d41      0x135 Drivers/adc16.o
 .debug_abbrev  0x00001e76      0x220 Libraries/FEHBuzzer.o
 .debug_abbrev  0x00002096      0x3e7 Libraries/FEHLCD.o
 .debug_abbrev  0x0000247d      0x186 Libraries/FEHAccel.o
 .debug_abbrev  0x00002603      0x20a Libraries/FEHBattery.o
 .debug_abbrev  0x0000280d      0x240 Drivers/FEHXBee.o
 .debug_abbrev  0x00002a4d      0x4b0 Libraries/FEHRCS.o
 .debug_abbrev  0x00002efd      0x4a2 Libraries/FEHSD.o
 .debug_abbrev  0x0000339f      0x265 Libraries/FEHRandom.o
 .debug_abbrev  0x00003604      0x6fc /usr/lib/gcc/arm-none-eabi/12.2.1/../../../arm-none-eabi/lib/thumb/v7e-m/nofp/libstdc++.a(eh_alloc.o)
 .debug_abbrev  0x00003d00      0x493 /usr/lib/gcc/arm-none-eabi/12.2.1/../../../arm-none-eabi/lib/thumb/v7e-m/nofp/libstdc++.a(eh_globals.o)
 .debug_abbrev  0x00004193       0xbb /usr/lib/gcc/arm-none-eabi/12.2.1/../../../arm-none-eabi/lib/thumb/v7e-m/nofp/libstdc++.a(atexit_arm.o)
 .debug_abbrev  0x0000424e       0x21 /usr/lib/gcc/arm-none-eabi/12.2.1/thumb/v7e-m/nofp/libgcc.a(_arm_addsubdf3.o)
 .debug_abbrev  0x0000426f       0x21 /usr/lib/gcc/arm-none-eabi/12.2.1/thumb/v7e-m/nofp/libgcc.a(_arm_muldivdf3.o)
 .debug_abbrev  0x00004290       0x21 /usr/lib/gcc/arm-none-eabi/12.2.1/thumb/v7e-m/nofp/libgcc.a(_arm_cmpdf2.o)
 .debug_abbrev  0x000042b1       0x21 /usr/lib/gcc/arm-none-eabi/12.2.1/thumb/v7e-m/nofp/libgcc.a(_arm_fixdfsi.o)
 .debug_abbrev  0x000042d2       0x21 /usr/lib/gcc/arm-none-eabi/12.2.1/thumb/v7e-m/nofp/libgcc.a(_arm_fixunsdfsi.o)
 .debug_abbrev  0x000042f3       0x21 /usr/lib/gcc/arm-none-eabi/12.2.1/thumb/v7e-m/nofp/libgcc.a(_arm_truncdfsf2.o)
 .debug_abbrev  0x00004314       0x21 /usr/lib/gcc/arm-none-eabi/12.2.1/thumb/v7e-m/nofp/libgcc.a(_arm_addsubsf3.o)
 .debug_abbrev  0x00004335       0x21 /usr/lib/gcc/arm-none-eabi/12.2.1/thumb/v7e-m/nofp/libgcc.a(_arm_cmpsf2.o)
 .debug_abbrev  0x00004356       0xc1 /usr/lib/gcc/arm-none-eabi/12.2.1/../../../arm-none-eabi/lib/thumb/v7e-m/nofp/libg.a(lib_a-atexit.o)
 .debug_abbrev  0x00004417       0xce /usr/lib/gcc/arm-none-eabi/12.2.1/../../../arm-none-eabi/lib/thumb/v7e-m/nofp/libg.a(lib_a-cxa_atexit.o)
 .debug_abbrev  0x000044e5       0xcc /usr/lib/gcc/arm-none-eabi/12.2.1/../../../arm-none-eabi/lib/thumb/v7e-m/nofp/libg.a(lib_a-fini.o)
 .debug_abbrev  0x000045b1      0x1ca /usr/lib/gcc/arm-none-eabi/12.2.1/../../../arm-none-eabi/lib/thumb/v7e-m/nofp/libg.a(lib_a-impure.o)
 .debug_abbrev  0x0000477b       0xc9 /usr/lib/gcc/arm-none-eabi/12.2.1/../../../arm-none-eabi/lib/thumb/v7e-m/nofp/libg.a(lib_a-init.o)
 .debug_abbrev  0x00004844      0x23f /usr/lib/gcc/arm-none-eabi/12.2.1/../../../arm-none-eabi/lib/thumb/v7e-m/nofp/libg.a(lib_a-malloc.o)
 .debug_abbrev  0x00004a83      0x309 /usr/lib/gcc/arm-none-eabi/12.2.1/../../../arm-none-eabi/lib/thumb/v7e-m/nofp/libg.a(lib_a-mallocr.o)
 .debug_abbrev  0x00004d8c      0x202 /usr/lib/gcc/arm-none-eabi/12.2.1/../../../arm-none-eabi/lib/thumb/v7e-m/nofp/libg.a(lib_a-mlock.o)
 .debug_abbrev  0x00004f8e      0x24a /usr/lib/gcc/arm-none-eabi/12.2.1/../../../arm-none-eabi/lib/thumb/v7e-m/nofp/libg.a(lib_a-sbrkr.o)
 .debug_abbrev  0x000051d8      0x251 /usr/lib/gcc/arm-none-eabi/12.2.1/../../../arm-none-eabi/lib/thumb/v7e-m/nofp/libg.a(lib_a-__atexit.o)
 .debug_abbrev  0x00005429      0x2c1 /usr/lib/gcc/arm-none-eabi/12.2.1/../../../arm-none-eabi/lib/thumb/v7e-m/nofp/libg.a(lib_a-__call_atexit.o)
 .debug_abbrev  0x000056ea      0x2c2 /usr/lib/gcc/arm-none-eabi/12.2.1/../../../arm-none-eabi/lib/thumb/v7e-m/nofp/libg.a(lib_a-freer.o)
 .debug_abbrev  0x000059ac      0x2fe /usr/lib/gcc/arm-none-eabi/12.2.1/../../../arm-none-eabi/lib/thumb/v7e-m/nofp/libg.a(lib_a-reent.o)
 .debug_abbrev  0x00005caa       0xa1 /usr/lib/gcc/arm-none-eabi/12.2.1/../../../arm-none-eabi/lib/thumb/v7e-m/nofp/libnosys.a(sbrk.o)

.debug_loc      0x00000000     0x710d
 .debug_loc     0x00000000      0x1bc ../main.o
 .debug_loc     0x000001bc     0x12a8 Startup/startup_mk60d10.o
 .debug_loc     0x00001464      0x140 Libraries/FEHMotor.o
 .debug_loc     0x000015a4      0x1f8 Drivers/i2c.o
 .debug_loc     0x0000179c      0x250 Drivers/spi.o
 .debug_loc     0x000019ec      0x170 Drivers/uart.o
 .debug_loc     0x00001b5c      0xf8e Drivers/ff.o
 .debug_loc     0x00002aea      0x538 Drivers/SDHC.o
 .debug_loc     0x00003022       0x5c Drivers/lptmr.o
 .debug_loc     0x0000307e       0x7c FEHProteus.o
 .debug_loc     0x000030fa      0x1a8 Drivers/FEHPropeller.o
 .debug_loc     0x000032a2      0x280 Libraries/FEHUtility.o
 .debug_loc     0x00003522      0xd56 Libraries/FEHIO.o
 .debug_loc     0x00004278      0x114 Drivers/adc16.o
 .debug_loc     0x0000438c      0x448 Libraries/FEHBuzzer.o
 .debug_loc     0x000047d4     0x19d3 Libraries/FEHLCD.o
 .debug_loc     0x000061a7      0x20c Libraries/FEHAccel.o
 .debug_loc     0x000063b3      0x11c Libraries/FEHBattery.o
 .debug_loc     0x000064cf      0x2bc Drivers/FEHXBee.o
 .debug_loc     0x0000678b      0x4cc Libraries/FEHRCS.o
 .debug_loc     0x00006c57      0x3ba Libraries/FEHSD.o
 .debug_loc     0x00007011       0xfc Libraries/FEHRandom.o

.debug_aranges  0x00000000     0x1200
 .debug_aranges
                0x00000000       0x48 ../main.o
 .debug_aranges
                0x00000048      0x360 Startup/startup_mk60d10.o
 .debug_aranges
                0x000003a8       0x38 Libraries/FEHMotor.o
 .debug_aranges
                0x000003e0       0x48 Drivers/i2c.o
 .debug_aranges
                0x00000428       0x58 Drivers/spi.o
 .debug_aranges
                0x00000480       0x38 Drivers/uart.o
 .debug_aranges
                0x000004b8      0x198 Drivers/ff.o
 .debug_aranges
                0x00000650       0x98 Drivers/SDHC.o
 .debug_aranges
                0x000006e8       0x20 Drivers/lptmr.o
 .debug_aranges
                0x00000708       0x28 FEHProteus.o
 .debug_aranges
                0x00000730       0x40 Drivers/FEHPropeller.o
 .debug_aranges
                0x00000770       0x58 Libraries/FEHUtility.o
 .debug_aranges
                0x000007c8      0x160 Libraries/FEHIO.o
 .debug_aranges
                0x00000928       0x30 Drivers/adc16.o
 .debug_aranges
                0x00000958       0x88 Libraries/FEHBuzzer.o
 .debug_aranges
                0x000009e0      0x2a0 Libraries/FEHLCD.o
 .debug_aranges
                0x00000c80       0x50 Libraries/FEHAccel.o
 .debug_aranges
                0x00000cd0       0x38 Libraries/FEHBattery.o
 .debug_aranges
                0x00000d08       0x58 Drivers/FEHXBee.o
 .debug_aranges
                0x00000d60       0x90 Libraries/FEHRCS.o
 .debug_aranges
                0x00000df0       0x70 Libraries/FEHSD.o
 .debug_aranges
                0x00000e60       0x30 Libraries/FEHRandom.o
 .debug_aranges
                0x00000e90       0x58 /usr/lib/gcc/arm-none-eabi/12.2.1/../../../arm-none-eabi/lib/thumb/v7e-m/nofp/libstdc++.a(eh_alloc.o)
 .debug_aranges
                0x00000ee8       0x38 /usr/lib/gcc/arm-none-eabi/12.2.1/../../../arm-none-eabi/lib/thumb/v7e-m/nofp/libstdc++.a(eh_globals.o)
 .debug_aranges
                0x00000f20       0x20 /usr/lib/gcc/arm-none-eabi/12.2.1/../../../arm-none-eabi/lib/thumb/v7e-m/nofp/libstdc++.a(atexit_arm.o)
 .debug_aranges
                0x00000f40       0x20 /usr/lib/gcc/arm-none-eabi/12.2.1/thumb/v7e-m/nofp/libgcc.a(_arm_addsubdf3.o)
 .debug_aranges
                0x00000f60       0x20 /usr/lib/gcc/arm-none-eabi/12.2.1/thumb/v7e-m/nofp/libgcc.a(_arm_muldivdf3.o)
 .debug_aranges
                0x00000f80       0x20 /usr/lib/gcc/arm-none-eabi/12.2.1/thumb/v7e-m/nofp/libgcc.a(_arm_cmpdf2.o)
 .debug_aranges
                0x00000fa0       0x20 /usr/lib/gcc/arm-none-eabi/12.2.1/thumb/v7e-m/nofp/libgcc.a(_arm_fixdfsi.o)
 .debug_aranges
                0x00000fc0       0x20 /usr/lib/gcc/arm-none-eabi/12.2.1/thumb/v7e-m/nofp/libgcc.a(_arm_fixunsdfsi.o)
 .debug_aranges
                0x00000fe0       0x20 /usr/lib/gcc/arm-none-eabi/12.2.1/thumb/v7e-m/nofp/libgcc.a(_arm_truncdfsf2.o)
 .debug_aranges
                0x00001000       0x20 /usr/lib/gcc/arm-none-eabi/12.2.1/thumb/v7e-m/nofp/libgcc.a(_arm_addsubsf3.o)
 .debug_aranges
                0x00001020       0x20 /usr/lib/gcc/arm-none-eabi/12.2.1/thumb/v7e-m/nofp/libgcc.a(_arm_cmpsf2.o)
 .debug_aranges
                0x00001040       0x20 /usr/lib/gcc/arm-none-eabi/12.2.1/../../../arm-none-eabi/lib/thumb/v7e-m/nofp/libg.a(lib_a-atexit.o)
 .debug_aranges
                0x00001060       0x20 /usr/lib/gcc/arm-none-eabi/12.2.1/../../../arm-none-eabi/lib/thumb/v7e-m/nofp/libg.a(lib_a-cxa_atexit.o)
 .debug_aranges
                0x00001080       0x20 /usr/lib/gcc/arm-none-eabi/12.2.1/../../../arm-none-eabi/lib/thumb/v7e-m/nofp/libg.a(lib_a-fini.o)
 .debug_aranges